Archive member included to satisfy reference by file (symbol)

c:/fehqt/proteus/gcc/bin/../lib/gcc/arm-none-eabi/9.2.1/../../../../arm-none-eabi/lib/thumb/v7e-m/nofp\libstdc++.a(del_ops.o)
                              Libraries/FEHIO.o (operator delete(void*, unsigned int))
c:/fehqt/proteus/gcc/bin/../lib/gcc/arm-none-eabi/9.2.1/../../../../arm-none-eabi/lib/thumb/v7e-m/nofp\libstdc++.a(new_op.o)
                              Libraries/FEHIO.o (operator new(unsigned int))
c:/fehqt/proteus/gcc/bin/../lib/gcc/arm-none-eabi/9.2.1/../../../../arm-none-eabi/lib/thumb/v7e-m/nofp\libstdc++.a(bad_alloc.o)
                              c:/fehqt/proteus/gcc/bin/../lib/gcc/arm-none-eabi/9.2.1/../../../../arm-none-eabi/lib/thumb/v7e-m/nofp\libstdc++.a(new_op.o) (std::bad_alloc::~bad_alloc())
c:/fehqt/proteus/gcc/bin/../lib/gcc/arm-none-eabi/9.2.1/../../../../arm-none-eabi/lib/thumb/v7e-m/nofp\libstdc++.a(del_op.o)
                              c:/fehqt/proteus/gcc/bin/../lib/gcc/arm-none-eabi/9.2.1/../../../../arm-none-eabi/lib/thumb/v7e-m/nofp\libstdc++.a(del_ops.o) (operator delete(void*))
c:/fehqt/proteus/gcc/bin/../lib/gcc/arm-none-eabi/9.2.1/../../../../arm-none-eabi/lib/thumb/v7e-m/nofp\libstdc++.a(eh_alloc.o)
                              c:/fehqt/proteus/gcc/bin/../lib/gcc/arm-none-eabi/9.2.1/../../../../arm-none-eabi/lib/thumb/v7e-m/nofp\libstdc++.a(new_op.o) (__cxa_allocate_exception)
c:/fehqt/proteus/gcc/bin/../lib/gcc/arm-none-eabi/9.2.1/../../../../arm-none-eabi/lib/thumb/v7e-m/nofp\libstdc++.a(eh_exception.o)
                              c:/fehqt/proteus/gcc/bin/../lib/gcc/arm-none-eabi/9.2.1/../../../../arm-none-eabi/lib/thumb/v7e-m/nofp\libstdc++.a(bad_alloc.o) (std::exception::~exception())
c:/fehqt/proteus/gcc/bin/../lib/gcc/arm-none-eabi/9.2.1/../../../../arm-none-eabi/lib/thumb/v7e-m/nofp\libstdc++.a(eh_terminate.o)
                              c:/fehqt/proteus/gcc/bin/../lib/gcc/arm-none-eabi/9.2.1/../../../../arm-none-eabi/lib/thumb/v7e-m/nofp\libstdc++.a(eh_alloc.o) (std::terminate())
c:/fehqt/proteus/gcc/bin/../lib/gcc/arm-none-eabi/9.2.1/../../../../arm-none-eabi/lib/thumb/v7e-m/nofp\libstdc++.a(eh_throw.o)
                              c:/fehqt/proteus/gcc/bin/../lib/gcc/arm-none-eabi/9.2.1/../../../../arm-none-eabi/lib/thumb/v7e-m/nofp\libstdc++.a(new_op.o) (__cxa_throw)
c:/fehqt/proteus/gcc/bin/../lib/gcc/arm-none-eabi/9.2.1/../../../../arm-none-eabi/lib/thumb/v7e-m/nofp\libstdc++.a(eh_unex_handler.o)
                              c:/fehqt/proteus/gcc/bin/../lib/gcc/arm-none-eabi/9.2.1/../../../../arm-none-eabi/lib/thumb/v7e-m/nofp\libstdc++.a(eh_terminate.o) (__cxxabiv1::__unexpected_handler)
c:/fehqt/proteus/gcc/bin/../lib/gcc/arm-none-eabi/9.2.1/../../../../arm-none-eabi/lib/thumb/v7e-m/nofp\libstdc++.a(new_handler.o)
                              c:/fehqt/proteus/gcc/bin/../lib/gcc/arm-none-eabi/9.2.1/../../../../arm-none-eabi/lib/thumb/v7e-m/nofp\libstdc++.a(new_op.o) (std::get_new_handler())
c:/fehqt/proteus/gcc/bin/../lib/gcc/arm-none-eabi/9.2.1/../../../../arm-none-eabi/lib/thumb/v7e-m/nofp\libstdc++.a(pure.o)
                              c:/fehqt/proteus/gcc/bin/../lib/gcc/arm-none-eabi/9.2.1/../../../../arm-none-eabi/lib/thumb/v7e-m/nofp\libstdc++.a(eh_exception.o) (__cxa_pure_virtual)
c:/fehqt/proteus/gcc/bin/../lib/gcc/arm-none-eabi/9.2.1/../../../../arm-none-eabi/lib/thumb/v7e-m/nofp\libstdc++.a(si_class_type_info.o)
                              c:/fehqt/proteus/gcc/bin/../lib/gcc/arm-none-eabi/9.2.1/../../../../arm-none-eabi/lib/thumb/v7e-m/nofp\libstdc++.a(bad_alloc.o) (vtable for __cxxabiv1::__si_class_type_info)
c:/fehqt/proteus/gcc/bin/../lib/gcc/arm-none-eabi/9.2.1/../../../../arm-none-eabi/lib/thumb/v7e-m/nofp\libstdc++.a(tinfo.o)
                              c:/fehqt/proteus/gcc/bin/../lib/gcc/arm-none-eabi/9.2.1/../../../../arm-none-eabi/lib/thumb/v7e-m/nofp\libstdc++.a(si_class_type_info.o) (std::type_info::__is_pointer_p() const)
c:/fehqt/proteus/gcc/bin/../lib/gcc/arm-none-eabi/9.2.1/../../../../arm-none-eabi/lib/thumb/v7e-m/nofp\libstdc++.a(vterminate.o)
                              c:/fehqt/proteus/gcc/bin/../lib/gcc/arm-none-eabi/9.2.1/../../../../arm-none-eabi/lib/thumb/v7e-m/nofp\libstdc++.a(eh_terminate.o) (__gnu_cxx::__verbose_terminate_handler())
c:/fehqt/proteus/gcc/bin/../lib/gcc/arm-none-eabi/9.2.1/../../../../arm-none-eabi/lib/thumb/v7e-m/nofp\libstdc++.a(class_type_info.o)
                              c:/fehqt/proteus/gcc/bin/../lib/gcc/arm-none-eabi/9.2.1/../../../../arm-none-eabi/lib/thumb/v7e-m/nofp\libstdc++.a(si_class_type_info.o) (__cxxabiv1::__class_type_info::__do_upcast(__cxxabiv1::__class_type_info const*, void**) const)
c:/fehqt/proteus/gcc/bin/../lib/gcc/arm-none-eabi/9.2.1/../../../../arm-none-eabi/lib/thumb/v7e-m/nofp\libstdc++.a(cp-demangle.o)
[...]
Memory Configuration

Name             Origin             Length             Attributes
PROGRAM_FLASH    0x0000c000         0x00073c00         xr
SRAM_UPPER       0x20000000         0x00010000         xrw
SRAM_LOWER       0x1fff0000         0x00010000         xrw
*default*        0x00000000         0xffffffff

Linker script and memory map

LOAD c:/fehqt/proteus/gcc/bin/../lib/gcc/arm-none-eabi/9.2.1/thumb/v7e-m/nofp/crti.o
LOAD c:/fehqt/proteus/gcc/bin/../lib/gcc/arm-none-eabi/9.2.1/thumb/v7e-m/nofp/crtbegin.o
LOAD c:/fehqt/proteus/gcc/bin/../lib/gcc/arm-none-eabi/9.2.1/../../../../arm-none-eabi/lib/thumb/v7e-m/nofp/crt0.o
LOAD ../main.o
LOAD Startup/startup_mk60d10.o
LOAD Libraries/FEHMotor.o
LOAD Drivers/mcg.o
LOAD Drivers/i2c.o
LOAD Drivers/spi.o
LOAD Drivers/uart.o
LOAD Drivers/ff.o
LOAD Drivers/SDHC.o
LOAD Drivers/lptmr.o
LOAD FEHProteus.o
LOAD Drivers/FEHPropeller.o
LOAD Libraries/FEHUtility.o
LOAD Libraries/FEHIO.o
LOAD Drivers/adc16.o
LOAD Libraries/FEHBuzzer.o
LOAD Libraries/FEHServo.o
LOAD Libraries/FEHLCD.o
LOAD Libraries/FEHAccel.o
LOAD Libraries/FEHBattery.o
LOAD Drivers/FEHXBee.o
LOAD Libraries/FEHRPS.o
LOAD Libraries/FEHSD.o
LOAD Libraries/FEHRandom.o
LOAD c:/fehqt/proteus/gcc/bin/../lib/gcc/arm-none-eabi/9.2.1/../../../../arm-none-eabi/lib/thumb/v7e-m/nofp\libstdc++.a
LOAD c:/fehqt/proteus/gcc/bin/../lib/gcc/arm-none-eabi/9.2.1/../../../../arm-none-eabi/lib/thumb/v7e-m/nofp\libm.a
START GROUP
LOAD c:/fehqt/proteus/gcc/bin/../lib/gcc/arm-none-eabi/9.2.1/thumb/v7e-m/nofp\libgcc.a
LOAD c:/fehqt/proteus/gcc/bin/../lib/gcc/arm-none-eabi/9.2.1/../../../../arm-none-eabi/lib/thumb/v7e-m/nofp\libg.a
LOAD c:/fehqt/proteus/gcc/bin/../lib/gcc/arm-none-eabi/9.2.1/../../../../arm-none-eabi/lib/thumb/v7e-m/nofp\libc.a
END GROUP
START GROUP
LOAD c:/fehqt/proteus/gcc/bin/../lib/gcc/arm-none-eabi/9.2.1/thumb/v7e-m/nofp\libgcc.a
LOAD c:/fehqt/proteus/gcc/bin/../lib/gcc/arm-none-eabi/9.2.1/../../../../arm-none-eabi/lib/thumb/v7e-m/nofp\libc.a
LOAD c:/fehqt/proteus/gcc/bin/../lib/gcc/arm-none-eabi/9.2.1/../../../../arm-none-eabi/lib/thumb/v7e-m/nofp\libnosys.a
END GROUP
LOAD c:/fehqt/proteus/gcc/bin/../lib/gcc/arm-none-eabi/9.2.1/thumb/v7e-m/nofp/crtend.o
LOAD c:/fehqt/proteus/gcc/bin/../lib/gcc/arm-none-eabi/9.2.1/thumb/v7e-m/nofp/crtn.o
                0x0000c000                __base_PROGRAM_FLASH = 0xc000
                0x0000c000                __base_Flash = 0xc000
                0x0007fc00                __top_PROGRAM_FLASH = 0x7fc00
                0x0007fc00                __top_Flash = 0x7fc00
                0x20000000                __base_SRAM_UPPER = 0x20000000
                0x20000000                __base_RAM = 0x20000000
                0x20010000                __top_SRAM_UPPER = 0x20010000
                0x20010000                __top_RAM = 0x20010000
                0x1fff0000                __base_SRAM_LOWER = 0x1fff0000
                0x1fff0000                __base_RAM2 = 0x1fff0000
                0x20000000                __top_SRAM_LOWER = 0x20000000
                0x20000000                __top_RAM2 = 0x20000000

.text           0x0000c000     0xc1ac
 FILL mask 0xff
                0x0000c000                __vectors_start__ = ABSOLUTE (.)
 *(.isr_vector)
 .isr_vector    0x0000c000      0x1bc Startup/startup_mk60d10.o
                0x0000c000                g_pfnVectors
                0x0000c000                __Vectors
                0x0000c1bc                . = ALIGN (0x4)
                0x0000c1bc                __section_table_start = .
                0x0000c1bc                __data_section_table = .
                0x0000c1bc        0x4 LONG 0x181b4 LOADADDR (.data)
                0x0000c1c0        0x4 LONG 0x20000000 ADDR (.data)
                0x0000c1c4        0x4 LONG 0x16c8 SIZEOF (.data)
                0x0000c1c8        0x4 LONG 0x181b4 LOADADDR (.data_RAM2)
                0x0000c1cc        0x4 LONG 0x1fff0000 ADDR (.data_RAM2)
                0x0000c1d0        0x4 LONG 0x0 SIZEOF (.data_RAM2)
                0x0000c1d4                __data_section_table_end = .
                0x0000c1d4                __bss_section_table = .
                0x0000c1d4        0x4 LONG 0x200016c8 ADDR (.bss)
                0x0000c1d8        0x4 LONG 0x4b8 SIZEOF (.bss)
                0x0000c1dc        0x4 LONG 0x1fff0000 ADDR (.bss_RAM2)
                0x0000c1e0        0x4 LONG 0x0 SIZEOF (.bss_RAM2)
                0x0000c1e4                __bss_section_table_end = .
                0x0000c1e4                __section_table_end = .
 *(.after_vectors*)
 .after_vectors.init_data
                0x0000c1e4       0x42 Startup/startup_mk60d10.o
                0x0000c1e4                data_init(unsigned int, unsigned int, unsigned int)
 .after_vectors.init_bss
                0x0000c226       0x36 Startup/startup_mk60d10.o
                0x0000c226                bss_init(unsigned int, unsigned int)
 .after_vectors.reset
                0x0000c25c       0xb4 Startup/startup_mk60d10.o
                0x0000c25c                ResetISR
 .after_vectors
                0x0000c310       0x3c Startup/startup_mk60d10.o
                0x0000c310                NMI_Handler
                0x0000c316                HardFault_Handler
                0x0000c31c                MemManage_Handler
                0x0000c322                BusFault_Handler
                0x0000c328                UsageFault_Handler
                0x0000c32e                SVC_Handler
                0x0000c334                DebugMon_Handler
                0x0000c33a                PendSV_Handler
                0x0000c340                SysTick_Handler
                0x0000c346                DMA_Error_DriverIRQHandler
                0x0000c346                LPTMR0_DriverIRQHandler
                0x0000c346                FTM1_DriverIRQHandler
                0x0000c346                FTM2_DriverIRQHandler
                0x0000c346                PIT2_DriverIRQHandler
                0x0000c346                SDHC_DriverIRQHandler
                0x0000c346                I2S0_Tx_DriverIRQHandler
                0x0000c346                TSI0_DriverIRQHandler
                0x0000c346                RTC_Seconds_DriverIRQHandler
                0x0000c346                Reserved109_DriverIRQHandler
                0x0000c346                DMA6_DriverIRQHandler
                0x0000c346                LLWU_DriverIRQHandler
                0x0000c346                MCM_DriverIRQHandler
                0x0000c346                MCG_DriverIRQHandler
                0x0000c346                ENET_1588_Timer_DriverIRQHandler
                0x0000c346                DAC1_DriverIRQHandler
                0x0000c346                SPI1_DriverIRQHandler
                0x0000c346                CMP1_DriverIRQHandler
                0x0000c346                UART5_RX_TX_DriverIRQHandler
                0x0000c346                FTM0_DriverIRQHandler
                0x0000c346                IntDefaultHandler
                0x0000c346                USB0_DriverIRQHandler
                0x0000c346                UART5_ERR_DriverIRQHandler
                0x0000c346                DMA11_DriverIRQHandler
                0x0000c346                DAC0_DriverIRQHandler
                0x0000c346                DMA10_DriverIRQHandler
                0x0000c346                CMP2_DriverIRQHandler
                0x0000c346                UART2_ERR_DriverIRQHandler
                0x0000c346                SPI2_DriverIRQHandler
                0x0000c346                LVD_LVW_DriverIRQHandler
                0x0000c346                RNG_DriverIRQHandler
                0x0000c346                DMA12_DriverIRQHandler
                0x0000c346                DMA4_DriverIRQHandler
                0x0000c346                UART2_RX_TX_DriverIRQHandler
                0x0000c346                USBDCD_DriverIRQHandler
                0x0000c346                UART3_ERR_DriverIRQHandler
                0x0000c346                DMA3_DriverIRQHandler
                0x0000c346                DMA8_DriverIRQHandler
                0x0000c346                DMA9_DriverIRQHandler
                0x0000c346                UART0_ERR_DriverIRQHandler
                0x0000c346                CMT_DriverIRQHandler
                0x0000c346                ADC1_DriverIRQHandler
                0x0000c346                DMA14_DriverIRQHandler
                0x0000c346                PIT3_DriverIRQHandler
                0x0000c346                PIT1_DriverIRQHandler
                0x0000c346                WDOG_EWM_DriverIRQHandler
                0x0000c346                PDB0_DriverIRQHandler
                0x0000c346                Reserved95_DriverIRQHandler
                0x0000c346                RTC_DriverIRQHandler
                0x0000c346                I2S0_Rx_DriverIRQHandler
                0x0000c346                Read_Collision_DriverIRQHandler
                0x0000c346                SWI_DriverIRQHandler
                0x0000c346                UART4_RX_TX_DriverIRQHandler
                0x0000c346                UART4_ERR_DriverIRQHandler
                0x0000c346                DMA0_DriverIRQHandler
                0x0000c346                UART0_LON_DriverIRQHandler
                0x0000c346                Reserved102_DriverIRQHandler
                0x0000c346                DMA1_DriverIRQHandler
                0x0000c346                I2C1_DriverIRQHandler
                0x0000c346                UART3_RX_TX_DriverIRQHandler
                0x0000c346                ENET_Receive_DriverIRQHandler
                0x0000c346                DMA13_DriverIRQHandler
                0x0000c346                ENET_Error_DriverIRQHandler
                0x0000c346                DMA15_DriverIRQHandler
                0x0000c346                SPI0_DriverIRQHandler
                0x0000c346                ADC0_DriverIRQHandler
                0x0000c346                FTFL_DriverIRQHandler
                0x0000c346                CMP0_DriverIRQHandler
                0x0000c346                CAN0_DriverIRQHandler
                0x0000c346                Reserved59_DriverIRQHandler
                0x0000c346                DMA5_DriverIRQHandler
                0x0000c346                UART1_ERR_DriverIRQHandler
                0x0000c346                DMA2_DriverIRQHandler
                0x0000c346                ENET_Transmit_DriverIRQHandler
                0x0000c346                I2C0_DriverIRQHandler
                0x0000c346                CAN1_DriverIRQHandler
                0x0000c346                DMA7_DriverIRQHandler
                0x0000c346                UART1_RX_TX_DriverIRQHandler
                0x0000c346                Reserved108_DriverIRQHandler
                0x00000400                . = 0x400
 *fill*         0x0000c34c       0xb4 ff
                0x0000c400                PROVIDE (__FLASH_CONFIG_START__ = .)
 *(.FlashConfig)
 .FlashConfig   0x0000c400       0x10 Startup/startup_mk60d10.o
                0x0000c410                PROVIDE (__FLASH_CONFIG_END__ = .)
                0x00000001                ASSERT (! ((__FLASH_CONFIG_START__ == __FLASH_CONFIG_END__)), Linker Flash Config Support Enabled, but no .FlashConfig section provided within application)
 *(.text*)
 .text          0x0000c410       0x40 c:/fehqt/proteus/gcc/bin/../lib/gcc/arm-none-eabi/9.2.1/thumb/v7e-m/nofp/crtbegin.o
 .text._ZSt3absf
                0x0000c450       0x18 ../main.o
                0x0000c450                std::abs(float)
 .text.main     0x0000c468       0xd0 ../main.o
                0x0000c468                main
 .text._Z10linearMoveff
                0x0000c538      0x1a4 ../main.o
                0x0000c538                linearMove(float, float)
 *fill*         0x0000c6dc        0x4 ff
 .text._Z5pivotff
                0x0000c6e0      0x1a4 ../main.o
                0x0000c6e0                pivot(float, float)
 *fill*         0x0000c884        0x4 ff
 .text._Z8cdsColorv
                0x0000c888      0x12c ../main.o
                0x0000c888                cdsColor()
 .text._Z16microSwitchChecki
                0x0000c9b4       0xa4 ../main.o
                0x0000c9b4                microSwitchCheck(int)
 .text._Z4trayv
                0x0000ca58      0x1a4 ../main.o
                0x0000ca58                tray()
 .text._Z6ticketv
                0x0000cbfc       0xc4 ../main.o
                0x0000cbfc                ticket()
 .text._Z41__static_initialization_and_destruction_0ii
                0x0000ccc0       0xd4 ../main.o
 .text._GLOBAL__sub_I_leftMotor
                0x0000cd94       0x10 ../main.o
 .text.PORTD_IRQHandler
                0x0000cda4       0x50 Startup/startup_mk60d10.o
                0x0000cda4                PORTD_IRQHandler
 .text._Z15InitPowerButtonv
                0x0000cdf4       0x60 Startup/startup_mk60d10.o
                0x0000cdf4                InitPowerButton()
 .text._ZL11pll_init_blv
                0x0000ce54       0xdc Startup/startup_mk60d10.o
 .text._Z14InitFEHProteusv
                0x0000cf30       0xf8 Startup/startup_mk60d10.o
                0x0000cf30                InitFEHProteus()
 .text.DMA0_IRQHandler
                0x0000d028        0xc Startup/startup_mk60d10.o
                0x0000d028                DMA0_IRQHandler
 .text.DMA1_IRQHandler
                0x0000d034        0xc Startup/startup_mk60d10.o
                0x0000d034                DMA1_IRQHandler
 .text.DMA2_IRQHandler
                0x0000d040        0xc Startup/startup_mk60d10.o
                0x0000d040                DMA2_IRQHandler
 .text.DMA3_IRQHandler
                0x0000d04c        0xc Startup/startup_mk60d10.o
                0x0000d04c                DMA3_IRQHandler
 .text.DMA4_IRQHandler
                0x0000d058        0xc Startup/startup_mk60d10.o
                0x0000d058                DMA4_IRQHandler
 .text.DMA5_IRQHandler
                0x0000d064        0xc Startup/startup_mk60d10.o
                0x0000d064                DMA5_IRQHandler
 .text.DMA6_IRQHandler
                0x0000d070        0xc Startup/startup_mk60d10.o
                0x0000d070                DMA6_IRQHandler
 .text.DMA7_IRQHandler
                0x0000d07c        0xc Startup/startup_mk60d10.o
                0x0000d07c                DMA7_IRQHandler
 .text.DMA8_IRQHandler
                0x0000d088        0xc Startup/startup_mk60d10.o
                0x0000d088                DMA8_IRQHandler
 .text.DMA9_IRQHandler
                0x0000d094        0xc Startup/startup_mk60d10.o
                0x0000d094                DMA9_IRQHandler
 .text.DMA10_IRQHandler
                0x0000d0a0        0xc Startup/startup_mk60d10.o
                0x0000d0a0                DMA10_IRQHandler
 .text.DMA11_IRQHandler
                0x0000d0ac        0xc Startup/startup_mk60d10.o
                0x0000d0ac                DMA11_IRQHandler
 .text.DMA12_IRQHandler
                0x0000d0b8        0xc Startup/startup_mk60d10.o
                0x0000d0b8                DMA12_IRQHandler
 .text.DMA13_IRQHandler
                0x0000d0c4        0xc Startup/startup_mk60d10.o
                0x0000d0c4                DMA13_IRQHandler
 .text.DMA14_IRQHandler
                0x0000d0d0        0xc Startup/startup_mk60d10.o
                0x0000d0d0                DMA14_IRQHandler
 .text.DMA15_IRQHandler
                0x0000d0dc        0xc Startup/startup_mk60d10.o
                0x0000d0dc                DMA15_IRQHandler
 .text.DMA_Error_IRQHandler
                0x0000d0e8        0xc Startup/startup_mk60d10.o
                0x0000d0e8                DMA_Error_IRQHandler
 .text.MCM_IRQHandler
                0x0000d0f4        0xc Startup/startup_mk60d10.o
                0x0000d0f4                MCM_IRQHandler
 .text.FTFL_IRQHandler
                0x0000d100        0xc Startup/startup_mk60d10.o
                0x0000d100                FTFL_IRQHandler
 .text.Read_Collision_IRQHandler
                0x0000d10c        0xc Startup/startup_mk60d10.o
                0x0000d10c                Read_Collision_IRQHandler
 .text.LVD_LVW_IRQHandler
                0x0000d118        0xc Startup/startup_mk60d10.o
                0x0000d118                LVD_LVW_IRQHandler
 .text.LLWU_IRQHandler
                0x0000d124        0xc Startup/startup_mk60d10.o
                0x0000d124                LLWU_IRQHandler
 .text.WDOG_EWM_IRQHandler
                0x0000d130        0xc Startup/startup_mk60d10.o
                0x0000d130                WDOG_EWM_IRQHandler
 .text.RNG_IRQHandler
                0x0000d13c        0xc Startup/startup_mk60d10.o
                0x0000d13c                RNG_IRQHandler
 .text.I2C0_IRQHandler
                0x0000d148        0xc Startup/startup_mk60d10.o
                0x0000d148                I2C0_IRQHandler
 .text.I2C1_IRQHandler
                0x0000d154        0xc Startup/startup_mk60d10.o
                0x0000d154                I2C1_IRQHandler
 .text.SPI0_IRQHandler
                0x0000d160        0xc Startup/startup_mk60d10.o
                0x0000d160                SPI0_IRQHandler
 .text.SPI1_IRQHandler
                0x0000d16c        0xc Startup/startup_mk60d10.o
                0x0000d16c                SPI1_IRQHandler
 .text.SPI2_IRQHandler
                0x0000d178        0xc Startup/startup_mk60d10.o
                0x0000d178                SPI2_IRQHandler
 .text.CAN0_ORed_Message_buffer_IRQHandler
                0x0000d184        0xc Startup/startup_mk60d10.o
                0x0000d184                CAN0_ORed_Message_buffer_IRQHandler
 .text.CAN0_Bus_Off_IRQHandler
                0x0000d190        0xc Startup/startup_mk60d10.o
                0x0000d190                CAN0_Bus_Off_IRQHandler
 .text.CAN0_Error_IRQHandler
                0x0000d19c        0xc Startup/startup_mk60d10.o
                0x0000d19c                CAN0_Error_IRQHandler
 .text.CAN0_Tx_Warning_IRQHandler
                0x0000d1a8        0xc Startup/startup_mk60d10.o
                0x0000d1a8                CAN0_Tx_Warning_IRQHandler
 .text.CAN0_Rx_Warning_IRQHandler
                0x0000d1b4        0xc Startup/startup_mk60d10.o
                0x0000d1b4                CAN0_Rx_Warning_IRQHandler
 .text.CAN0_Wake_Up_IRQHandler
                0x0000d1c0        0xc Startup/startup_mk60d10.o
                0x0000d1c0                CAN0_Wake_Up_IRQHandler
 .text.I2S0_Tx_IRQHandler
                0x0000d1cc        0xc Startup/startup_mk60d10.o
                0x0000d1cc                I2S0_Tx_IRQHandler
 .text.I2S0_Rx_IRQHandler
                0x0000d1d8        0xc Startup/startup_mk60d10.o
                0x0000d1d8                I2S0_Rx_IRQHandler
 .text.CAN1_ORed_Message_buffer_IRQHandler
                0x0000d1e4        0xc Startup/startup_mk60d10.o
                0x0000d1e4                CAN1_ORed_Message_buffer_IRQHandler
 .text.CAN1_Bus_Off_IRQHandler
                0x0000d1f0        0xc Startup/startup_mk60d10.o
                0x0000d1f0                CAN1_Bus_Off_IRQHandler
 .text.CAN1_Error_IRQHandler
                0x0000d1fc        0xc Startup/startup_mk60d10.o
                0x0000d1fc                CAN1_Error_IRQHandler
 .text.CAN1_Tx_Warning_IRQHandler
                0x0000d208        0xc Startup/startup_mk60d10.o
                0x0000d208                CAN1_Tx_Warning_IRQHandler
 .text.CAN1_Rx_Warning_IRQHandler
                0x0000d214        0xc Startup/startup_mk60d10.o
                0x0000d214                CAN1_Rx_Warning_IRQHandler
 .text.CAN1_Wake_Up_IRQHandler
                0x0000d220        0xc Startup/startup_mk60d10.o
                0x0000d220                CAN1_Wake_Up_IRQHandler
 .text.Reserved59_IRQHandler
                0x0000d22c        0xc Startup/startup_mk60d10.o
                0x0000d22c                Reserved59_IRQHandler
 .text.UART0_LON_IRQHandler
                0x0000d238        0xc Startup/startup_mk60d10.o
                0x0000d238                UART0_LON_IRQHandler
 .text.UART0_ERR_IRQHandler
                0x0000d244        0xc Startup/startup_mk60d10.o
                0x0000d244                UART0_ERR_IRQHandler
 .text.UART1_RX_TX_IRQHandler
                0x0000d250        0xc Startup/startup_mk60d10.o
                0x0000d250                UART1_RX_TX_IRQHandler
 .text.UART1_ERR_IRQHandler
                0x0000d25c        0xc Startup/startup_mk60d10.o
                0x0000d25c                UART1_ERR_IRQHandler
 .text.UART2_RX_TX_IRQHandler
                0x0000d268        0xc Startup/startup_mk60d10.o
                0x0000d268                UART2_RX_TX_IRQHandler
 .text.UART2_ERR_IRQHandler
                0x0000d274        0xc Startup/startup_mk60d10.o
                0x0000d274                UART2_ERR_IRQHandler
 .text.UART3_RX_TX_IRQHandler
                0x0000d280        0xc Startup/startup_mk60d10.o
                0x0000d280                UART3_RX_TX_IRQHandler
 .text.UART3_ERR_IRQHandler
                0x0000d28c        0xc Startup/startup_mk60d10.o
                0x0000d28c                UART3_ERR_IRQHandler
 .text.UART4_RX_TX_IRQHandler
                0x0000d298        0xc Startup/startup_mk60d10.o
                0x0000d298                UART4_RX_TX_IRQHandler
 .text.UART4_ERR_IRQHandler
                0x0000d2a4        0xc Startup/startup_mk60d10.o
                0x0000d2a4                UART4_ERR_IRQHandler
 .text.UART5_RX_TX_IRQHandler
                0x0000d2b0        0xc Startup/startup_mk60d10.o
                0x0000d2b0                UART5_RX_TX_IRQHandler
 .text.UART5_ERR_IRQHandler
                0x0000d2bc        0xc Startup/startup_mk60d10.o
                0x0000d2bc                UART5_ERR_IRQHandler
 .text.ADC0_IRQHandler
                0x0000d2c8        0xc Startup/startup_mk60d10.o
                0x0000d2c8                ADC0_IRQHandler
 .text.ADC1_IRQHandler
                0x0000d2d4        0xc Startup/startup_mk60d10.o
                0x0000d2d4                ADC1_IRQHandler
 .text.CMP0_IRQHandler
                0x0000d2e0        0xc Startup/startup_mk60d10.o
                0x0000d2e0                CMP0_IRQHandler
 .text.CMP1_IRQHandler
                0x0000d2ec        0xc Startup/startup_mk60d10.o
                0x0000d2ec                CMP1_IRQHandler
 .text.CMP2_IRQHandler
                0x0000d2f8        0xc Startup/startup_mk60d10.o
                0x0000d2f8                CMP2_IRQHandler
 .text.FTM0_IRQHandler
                0x0000d304        0xc Startup/startup_mk60d10.o
                0x0000d304                FTM0_IRQHandler
 .text.FTM1_IRQHandler
                0x0000d310        0xc Startup/startup_mk60d10.o
                0x0000d310                FTM1_IRQHandler
 .text.FTM2_IRQHandler
                0x0000d31c        0xc Startup/startup_mk60d10.o
                0x0000d31c                FTM2_IRQHandler
 .text.CMT_IRQHandler
                0x0000d328        0xc Startup/startup_mk60d10.o
                0x0000d328                CMT_IRQHandler
 .text.RTC_IRQHandler
                0x0000d334        0xc Startup/startup_mk60d10.o
                0x0000d334                RTC_IRQHandler
 .text.RTC_Seconds_IRQHandler
                0x0000d340        0xc Startup/startup_mk60d10.o
                0x0000d340                RTC_Seconds_IRQHandler
 .text.PIT1_IRQHandler
                0x0000d34c        0xc Startup/startup_mk60d10.o
                0x0000d34c                PIT1_IRQHandler
 .text.PIT2_IRQHandler
                0x0000d358        0xc Startup/startup_mk60d10.o
                0x0000d358                PIT2_IRQHandler
 .text.PIT3_IRQHandler
                0x0000d364        0xc Startup/startup_mk60d10.o
                0x0000d364                PIT3_IRQHandler
 .text.PDB0_IRQHandler
                0x0000d370        0xc Startup/startup_mk60d10.o
                0x0000d370                PDB0_IRQHandler
 .text.USB0_IRQHandler
                0x0000d37c        0xc Startup/startup_mk60d10.o
                0x0000d37c                USB0_IRQHandler
 .text.USBDCD_IRQHandler
                0x0000d388        0xc Startup/startup_mk60d10.o
                0x0000d388                USBDCD_IRQHandler
 .text.ENET_1588_Timer_IRQHandler
                0x0000d394        0xc Startup/startup_mk60d10.o
                0x0000d394                ENET_1588_Timer_IRQHandler
 .text.ENET_Transmit_IRQHandler
                0x0000d3a0        0xc Startup/startup_mk60d10.o
                0x0000d3a0                ENET_Transmit_IRQHandler
 .text.ENET_Receive_IRQHandler
                0x0000d3ac        0xc Startup/startup_mk60d10.o
                0x0000d3ac                ENET_Receive_IRQHandler
 .text.ENET_Error_IRQHandler
                0x0000d3b8        0xc Startup/startup_mk60d10.o
                0x0000d3b8                ENET_Error_IRQHandler
 .text.Reserved95_IRQHandler
                0x0000d3c4        0xc Startup/startup_mk60d10.o
                0x0000d3c4                Reserved95_IRQHandler
 .text.SDHC_IRQHandler
                0x0000d3d0        0xc Startup/startup_mk60d10.o
                0x0000d3d0                SDHC_IRQHandler
 .text.DAC0_IRQHandler
                0x0000d3dc        0xc Startup/startup_mk60d10.o
                0x0000d3dc                DAC0_IRQHandler
 .text.DAC1_IRQHandler
                0x0000d3e8        0xc Startup/startup_mk60d10.o
                0x0000d3e8                DAC1_IRQHandler
 .text.TSI0_IRQHandler
                0x0000d3f4        0xc Startup/startup_mk60d10.o
                0x0000d3f4                TSI0_IRQHandler
 .text.MCG_IRQHandler
                0x0000d400        0xc Startup/startup_mk60d10.o
                0x0000d400                MCG_IRQHandler
 .text.LPTMR0_IRQHandler
                0x0000d40c        0xc Startup/startup_mk60d10.o
                0x0000d40c                LPTMR0_IRQHandler
 .text.Reserved102_IRQHandler
                0x0000d418        0xc Startup/startup_mk60d10.o
                0x0000d418                Reserved102_IRQHandler
 .text.Reserved108_IRQHandler
                0x0000d424        0xc Startup/startup_mk60d10.o
                0x0000d424                Reserved108_IRQHandler
 .text.Reserved109_IRQHandler
                0x0000d430        0xc Startup/startup_mk60d10.o
                0x0000d430                Reserved109_IRQHandler
 .text.SWI_IRQHandler
                0x0000d43c        0xc Startup/startup_mk60d10.o
                0x0000d43c                SWI_IRQHandler
 .text._ZN8FEHMotorC2ENS_12FEHMotorPortEf
                0x0000d448       0x7c Libraries/FEHMotor.o
                0x0000d448                FEHMotor::FEHMotor(FEHMotor::FEHMotorPort, float)
                0x0000d448                FEHMotor::FEHMotor(FEHMotor::FEHMotorPort, float)
 .text._ZN8FEHMotor4StopEv
                0x0000d4c4       0x30 Libraries/FEHMotor.o
                0x0000d4c4                FEHMotor::Stop()
 .text._ZN8FEHMotor8SetPowerEi
                0x0000d4f4       0x54 Libraries/FEHMotor.o
                0x0000d4f4                FEHMotor::SetPower(int)
 .text._ZN8FEHMotor10SetPercentEf
                0x0000d548       0xf8 Libraries/FEHMotor.o
                0x0000d548                FEHMotor::SetPercent(float)
 .text._Z21IIC_StartTransmissionhh
                0x0000d640       0x6c Drivers/i2c.o
                0x0000d640                IIC_StartTransmission(unsigned char, unsigned char)
 .text._Z5Pausev
                0x0000d6ac       0x24 Drivers/i2c.o
                0x0000d6ac                Pause()
 .text._Z21MMA8451QWriteRegisterhh
                0x0000d6d0       0x68 Drivers/i2c.o
                0x0000d6d0                MMA8451QWriteRegister(unsigned char, unsigned char)
 .text._Z8i2c_Waitv
                0x0000d738       0x6c Drivers/i2c.o
                0x0000d738                i2c_Wait()
 .text._Z12SPI_SendCharh
                0x0000d7a4       0x1a Drivers/spi.o
                0x0000d7a4                SPI_SendChar(unsigned char)
 .text._Z16SPI_WriteCommandhh
                0x0000d7be       0x34 Drivers/spi.o
                0x0000d7be                SPI_WriteCommand(unsigned char, unsigned char)
 .text._Z11SPI_GetCharv
                0x0000d7f2       0x10 Drivers/spi.o
                0x0000d7f2                SPI_GetChar()
 .text._Z15SPI_ReadCommandh
                0x0000d802       0x38 Drivers/spi.o
                0x0000d802                SPI_ReadCommand(unsigned char)
 *fill*         0x0000d83a        0x2 ff
 .text._Z13SPI_CS_Assertv
                0x0000d83c       0x1c Drivers/spi.o
                0x0000d83c                SPI_CS_Assert()
 .text._Z15SPI_CS_Deassertv
                0x0000d858       0x1c Drivers/spi.o
                0x0000d858                SPI_CS_Deassert()
 .text._Z12SPI_Transferh
                0x0000d874       0x6c Drivers/spi.o
                0x0000d874                SPI_Transfer(unsigned char)
 .text._Z8SPI_Initv
                0x0000d8e0       0xa8 Drivers/spi.o
                0x0000d8e0                SPI_Init()
 .text._Z9uart_initPV11UART_MemMapii
                0x0000d988      0x18c Drivers/uart.o
                0x0000d988                uart_init(UART_MemMap volatile*, int, int)
 .text._Z12uart_getcharPV11UART_MemMap
                0x0000db14       0x32 Drivers/uart.o
                0x0000db14                uart_getchar(UART_MemMap volatile*)
 .text._Z12uart_putcharPV11UART_MemMapc
                0x0000db46       0x32 Drivers/uart.o
                0x0000db46                uart_putchar(UART_MemMap volatile*, char)
 .text._ZL7mem_setPvij
                0x0000db78       0x3c Drivers/ff.o
 .text._ZL11move_windowP5FATFSm
                0x0000dbb4       0xc8 Drivers/ff.o
 .text._ZL4syncP5FATFS
                0x0000dc7c      0x148 Drivers/ff.o
 .text._ZL8validateP5FATFSt
                0x0000ddc4       0x54 Drivers/ff.o
 .text._Z6f_syncP3FIL
                0x0000de18      0x17e Drivers/ff.o
                0x0000de18                f_sync(FIL*)
 .text._Z7f_closeP3FIL
                0x0000df96       0x28 Drivers/ff.o
                0x0000df96                f_close(FIL*)
 *fill*         0x0000dfbe        0x2 ff
 .text._ZL17SDHC_set_baudratemm
                0x0000dfc0       0xe8 Drivers/SDHC.o
 .text._Z9SDHC_initP17esdhc_info_structPK17esdhc_init_struct
                0x0000e0a8      0x134 Drivers/SDHC.o
                0x0000e0a8                SDHC_init(esdhc_info_struct*, esdhc_init_struct const*)
 .text._ZL15SDHC_is_runningv
                0x0000e1dc       0x24 Drivers/SDHC.o
 .text._ZL16SDHC_status_waitm
                0x0000e200       0x2c Drivers/SDHC.o
 .text._ZL17SDHC_send_commandP20esdhc_command_struct
                0x0000e22c      0x1f8 Drivers/SDHC.o
 .text._Z10SDHC_ioctlmPv
                0x0000e424      0x6f4 Drivers/SDHC.o
                0x0000e424                SDHC_ioctl(unsigned long, void*)
 .text._ZL14rcvr_datablockPhm
                0x0000eb18       0xf0 Drivers/SDHC.o
 .text._Z9disk_readhPhmh
                0x0000ec08      0x124 Drivers/SDHC.o
                0x0000ec08                disk_read(unsigned char, unsigned char*, unsigned long, unsigned char)
 .text._ZL14xmit_datablockPKhm
                0x0000ed2c       0xa4 Drivers/SDHC.o
 .text._Z10disk_writehPKhmh
                0x0000edd0      0x198 Drivers/SDHC.o
                0x0000edd0                disk_write(unsigned char, unsigned char const*, unsigned long, unsigned char)
 .text._Z10disk_ioctlhhPv
                0x0000ef68      0x104 Drivers/SDHC.o
                0x0000ef68                disk_ioctl(unsigned char, unsigned char, void*)
 .text._Z11disk_statush
                0x0000f06c       0x28 Drivers/SDHC.o
                0x0000f06c                disk_status(unsigned char)
 .text._Z13time_delay_msm
                0x0000f094       0x70 Drivers/lptmr.o
                0x0000f094                time_delay_ms(unsigned long)
 .text._Z41__static_initialization_and_destruction_0ii
                0x0000f104       0x2c FEHProteus.o
 .text._GLOBAL__sub_I_Propeller
                0x0000f130       0x10 FEHProteus.o
 .text._ZN12FEHPropellerC2Ev
                0x0000f140       0x1a Drivers/FEHPropeller.o
                0x0000f140                FEHPropeller::FEHPropeller()
                0x0000f140                FEHPropeller::FEHPropeller()
 *fill*         0x0000f15a        0x2 ff
 .text._ZN12FEHPropeller10InitializeEv
                0x0000f15c       0x74 Drivers/FEHPropeller.o
                0x0000f15c                FEHPropeller::Initialize()
 .text._ZN12FEHPropeller12SetMotorRateEhhh
                0x0000f1d0       0x5c Drivers/FEHPropeller.o
                0x0000f1d0                FEHPropeller::SetMotorRate(unsigned char, unsigned char, unsigned char)
 .text._ZL5Delaymjj
                0x0000f22c       0x94 Libraries/FEHUtility.o
 .text._Z5Sleepi
                0x0000f2c0       0x2c Libraries/FEHUtility.o
                0x0000f2c0                Sleep(int)
 .text._Z5Sleepd
                0x0000f2ec       0x4c Libraries/FEHUtility.o
                0x0000f2ec                Sleep(double)
 .text._ZN15DigitalInputPinC2EN5FEHIO8FEHIOPinE
                0x0000f338       0x20 Libraries/FEHIO.o
                0x0000f338                DigitalInputPin::DigitalInputPin(FEHIO::FEHIOPin)
                0x0000f338                DigitalInputPin::DigitalInputPin(FEHIO::FEHIOPin)
 .text._ZN15DigitalInputPin10InitializeEN5FEHIO8FEHIOPinE
                0x0000f358      0x198 Libraries/FEHIO.o
                0x0000f358                DigitalInputPin::Initialize(FEHIO::FEHIOPin)
 .text._ZN15DigitalInputPin5ValueEv
                0x0000f4f0      0x108 Libraries/FEHIO.o
                0x0000f4f0                DigitalInputPin::Value()
 .text._ZN14DigitalEncoderC2EN5FEHIO8FEHIOPinE
                0x0000f5f8       0x26 Libraries/FEHIO.o
                0x0000f5f8                DigitalEncoder::DigitalEncoder(FEHIO::FEHIOPin)
                0x0000f5f8                DigitalEncoder::DigitalEncoder(FEHIO::FEHIOPin)
 *fill*         0x0000f61e        0x2 ff
 .text._Z10enable_irqi
                0x0000f620      0x11c Libraries/FEHIO.o
                0x0000f620                enable_irq(int)
 .text._ZN14DigitalEncoder10InitializeEN5FEHIO8FEHIOPinENS0_21FEHIOInterruptTriggerE
                0x0000f73c      0x1a8 Libraries/FEHIO.o
                0x0000f73c                DigitalEncoder::Initialize(FEHIO::FEHIOPin, FEHIO::FEHIOInterruptTrigger)
 .text._Z16PORTB_IRQHandlerv
                0x0000f8e4       0xb0 Libraries/FEHIO.o
                0x0000f8e4                PORTB_IRQHandler()
 .text._Z16PORTC_IRQHandlerv
                0x0000f994       0xa0 Libraries/FEHIO.o
                0x0000f994                PORTC_IRQHandler()
 .text._Z16PORTA_IRQHandlerv
                0x0000fa34       0xa4 Libraries/FEHIO.o
                0x0000fa34                PORTA_IRQHandler()
 .text._Z16PORTE_IRQHandlerv
                0x0000fad8       0x9c Libraries/FEHIO.o
                0x0000fad8                PORTE_IRQHandler()
 .text._ZN14DigitalEncoder6CountsEv
                0x0000fb74       0x24 Libraries/FEHIO.o
                0x0000fb74                DigitalEncoder::Counts()
 .text._ZN14DigitalEncoder11ResetCountsEv
                0x0000fb98       0x24 Libraries/FEHIO.o
                0x0000fb98                DigitalEncoder::ResetCounts()
 .text._ZN14AnalogInputPinC2EN5FEHIO8FEHIOPinE
                0x0000fbbc       0x1e Libraries/FEHIO.o
                0x0000fbbc                AnalogInputPin::AnalogInputPin(FEHIO::FEHIOPin)
                0x0000fbbc                AnalogInputPin::AnalogInputPin(FEHIO::FEHIOPin)
 *fill*         0x0000fbda        0x6 ff
 .text._ZN14AnalogInputPin5ValueEv
                0x0000fbe0      0x120 Libraries/FEHIO.o
                0x0000fbe0                AnalogInputPin::Value()
 .text._ZN13AnalogEncoder12EncoderValueEv
                0x0000fd00       0xb0 Libraries/FEHIO.o
                0x0000fd00                AnalogEncoder::EncoderValue()
 .text._ZN14AnalogInputPin8InitADCsEv
                0x0000fdb0       0x98 Libraries/FEHIO.o
                0x0000fdb0                AnalogInputPin::InitADCs()
 .text._Z15PIT0_IRQHandlerv
                0x0000fe48       0x28 Libraries/FEHIO.o
                0x0000fe48                PIT0_IRQHandler()
 .text._ZN13AnalogEncoder4InitEv
                0x0000fe70       0x44 Libraries/FEHIO.o
                0x0000fe70                AnalogEncoder::Init()
 .text._ZN13AnalogEncoder14SetCounterInitEj
                0x0000feb4       0x20 Libraries/FEHIO.o
                0x0000feb4                AnalogEncoder::SetCounterInit(unsigned int)
 .text._ZN13AnalogEncoder10ProcessIntEv
                0x0000fed4       0x68 Libraries/FEHIO.o
                0x0000fed4                AnalogEncoder::ProcessInt()
 .text._ZN13AnalogEncoder14ProcessIntSelfEv
                0x0000ff3c       0x6e Libraries/FEHIO.o
                0x0000ff3c                AnalogEncoder::ProcessIntSelf()
 .text._Z7ADC_CalPV10ADC_MemMap
                0x0000ffaa      0x13e Drivers/adc16.o
                0x0000ffaa                ADC_Cal(ADC_MemMap volatile*)
 .text._Z14ADC_Config_AltPV10ADC_MemMapP7adc_cfg
                0x000100e8       0x6c Drivers/adc16.o
                0x000100e8                ADC_Config_Alt(ADC_MemMap volatile*, adc_cfg*)
 .text._ZN9FEHBuzzerC2Ev
                0x00010154       0x14 Libraries/FEHBuzzer.o
                0x00010154                FEHBuzzer::FEHBuzzer()
                0x00010154                FEHBuzzer::FEHBuzzer()
 .text._Z41__static_initialization_and_destruction_0ii
                0x00010168       0x2c Libraries/FEHBuzzer.o
 .text._GLOBAL__sub_I_Buzzer
                0x00010194       0x10 Libraries/FEHBuzzer.o
 .text._ZN8FEHServoC2ENS_12FEHServoPortE
                0x000101a4       0x38 Libraries/FEHServo.o
                0x000101a4                FEHServo::FEHServo(FEHServo::FEHServoPort)
                0x000101a4                FEHServo::FEHServo(FEHServo::FEHServoPort)
 .text._ZN8FEHServo6SetMinEi
                0x000101dc       0x3a Libraries/FEHServo.o
                0x000101dc                FEHServo::SetMin(int)
 .text._ZN8FEHServo6SetMaxEi
                0x00010216       0x3a Libraries/FEHServo.o
                0x00010216                FEHServo::SetMax(int)
 .text._ZN8FEHServo9SetDegreeEf
                0x00010250       0xf4 Libraries/FEHServo.o
                0x00010250                FEHServo::SetDegree(float)
 .text._ZN6FEHLCD11_InitializeEv
                0x00010344      0x410 Libraries/FEHLCD.o
                0x00010344                FEHLCD::_Initialize()
 .text._ZN6FEHLCDC2Ev
                0x00010754       0x50 Libraries/FEHLCD.o
                0x00010754                FEHLCD::FEHLCD()
                0x00010754                FEHLCD::FEHLCD()
 .text._ZN6FEHLCD10InitializeEv
                0x000107a4       0x28 Libraries/FEHLCD.o
                0x000107a4                FEHLCD::Initialize()
 .text._ZN6FEHLCD10PrintImageEii
                0x000107cc       0xbc Libraries/FEHLCD.o
                0x000107cc                FEHLCD::PrintImage(int, int)
 .text._ZN6FEHLCD9PrintLogoEii
                0x00010888       0xbc Libraries/FEHLCD.o
                0x00010888                FEHLCD::PrintLogo(int, int)
 .text._ZN6FEHLCD22ConvertFEHColorTo24BitENS_11FEHLCDColorE
                0x00010944       0x78 Libraries/FEHLCD.o
                0x00010944                FEHLCD::ConvertFEHColorTo24Bit(FEHLCD::FEHLCDColor)
 .text._ZN6FEHLCD24Convert24BitColorTo16BitEj
                0x000109bc       0x30 Libraries/FEHLCD.o
                0x000109bc                FEHLCD::Convert24BitColorTo16Bit(unsigned int)
 .text._ZN6FEHLCD22ConvertRGBColorTo16BitEhhh
                0x000109ec       0x44 Libraries/FEHLCD.o
                0x000109ec                FEHLCD::ConvertRGBColorTo16Bit(unsigned char, unsigned char, unsigned char)
 .text._ZN6FEHLCD5ClearENS_11FEHLCDColorE
                0x00010a30       0x28 Libraries/FEHLCD.o
                0x00010a30                FEHLCD::Clear(FEHLCD::FEHLCDColor)
 .text._ZN6FEHLCD5ClearEj
                0x00010a58       0x2c Libraries/FEHLCD.o
                0x00010a58                FEHLCD::Clear(unsigned int)
 .text._ZN6FEHLCD18SetBackgroundColorENS_11FEHLCDColorE
                0x00010a84       0x28 Libraries/FEHLCD.o
                0x00010a84                FEHLCD::SetBackgroundColor(FEHLCD::FEHLCDColor)
 .text._ZN6FEHLCD18SetBackgroundColorEj
                0x00010aac       0x26 Libraries/FEHLCD.o
                0x00010aac                FEHLCD::SetBackgroundColor(unsigned int)
 .text._ZN6FEHLCD12SetFontColorENS_11FEHLCDColorE
                0x00010ad2       0x28 Libraries/FEHLCD.o
                0x00010ad2                FEHLCD::SetFontColor(FEHLCD::FEHLCDColor)
 .text._ZN6FEHLCD12SetFontColorEj
                0x00010afa       0x26 Libraries/FEHLCD.o
                0x00010afa                FEHLCD::SetFontColor(unsigned int)
 .text._ZN6FEHLCD7WriteAtEPKcii
                0x00010b20       0x46 Libraries/FEHLCD.o
                0x00010b20                FEHLCD::WriteAt(char const*, int, int)
 .text._ZN6FEHLCD11TS_SPI_InitEv
                0x00010b66       0x7c Libraries/FEHLCD.o
                0x00010b66                FEHLCD::TS_SPI_Init()
 *fill*         0x00010be2        0x6 ff
 .text._ZN6FEHLCD5TouchEPfS0_
                0x00010be8      0x1fc Libraries/FEHLCD.o
                0x00010be8                FEHLCD::Touch(float*, float*)
 .text._ZN6FEHLCD3absEi
                0x00010de4       0x22 Libraries/FEHLCD.o
                0x00010de4                FEHLCD::abs(int)
 .text._ZN6FEHLCD5WriteEPKc
                0x00010e06       0x4e Libraries/FEHLCD.o
                0x00010e06                FEHLCD::Write(char const*)
 .text._ZN6FEHLCD5WriteEf
                0x00010e54       0xc0 Libraries/FEHLCD.o
                0x00010e54                FEHLCD::Write(float)
 .text._ZN6FEHLCD5WriteEd
                0x00010f14       0x26 Libraries/FEHLCD.o
                0x00010f14                FEHLCD::Write(double)
 .text._ZN6FEHLCD9WriteLineEPKc
                0x00010f3a       0x26 Libraries/FEHLCD.o
                0x00010f3a                FEHLCD::WriteLine(char const*)
 .text._ZN6FEHLCD9WriteLineEf
                0x00010f60       0x26 Libraries/FEHLCD.o
                0x00010f60                FEHLCD::WriteLine(float)
 .text._ZN6FEHLCD9WriteLineEd
                0x00010f86       0x2a Libraries/FEHLCD.o
                0x00010f86                FEHLCD::WriteLine(double)
 .text._ZN6FEHLCD10WriteIndexEh
                0x00010fb0      0x14c Libraries/FEHLCD.o
                0x00010fb0                FEHLCD::WriteIndex(unsigned char)
 .text._ZN6FEHLCD14WriteParameterEh
                0x000110fc      0x130 Libraries/FEHLCD.o
                0x000110fc                FEHLCD::WriteParameter(unsigned char)
 .text._ZN6FEHLCD6_ClearEv
                0x0001122c      0x15c Libraries/FEHLCD.o
                0x0001122c                FEHLCD::_Clear()
 .text._ZN6FEHLCD8NextLineEv
                0x00011388       0x2a Libraries/FEHLCD.o
                0x00011388                FEHLCD::NextLine()
 .text._ZN6FEHLCD9CheckLineEv
                0x000113b2       0x28 Libraries/FEHLCD.o
                0x000113b2                FEHLCD::CheckLine()
 .text._ZN6FEHLCD8NextCharEv
                0x000113da       0x32 Libraries/FEHLCD.o
                0x000113da                FEHLCD::NextChar()
 .text._ZN6FEHLCD13SetDrawRegionEiiii
                0x0001140c       0xfe Libraries/FEHLCD.o
                0x0001140c                FEHLCD::SetDrawRegion(int, int, int, int)
 .text._ZN6FEHLCD9WriteCharEiic
                0x0001150a       0x34 Libraries/FEHLCD.o
                0x0001150a                FEHLCD::WriteChar(int, int, char)
 *fill*         0x0001153e        0x2 ff
 .text._ZN6FEHLCD11WriteCharAtEiic
                0x00011540      0x214 Libraries/FEHLCD.o
                0x00011540                FEHLCD::WriteCharAt(int, int, char)
 .text._ZN6FEHLCD11RepeatColorEv
                0x00011754       0x70 Libraries/FEHLCD.o
                0x00011754                FEHLCD::RepeatColor()
 .text._ZN6FEHLCD10_ForePixelEv
                0x000117c4       0xc4 Libraries/FEHLCD.o
                0x000117c4                FEHLCD::_ForePixel()
 .text._ZN6FEHLCD10_BackPixelEv
                0x00011888       0xc4 Libraries/FEHLCD.o
                0x00011888                FEHLCD::_BackPixel()
 .text._ZN6FEHLCD22SetRegisterColorValuesEv
                0x0001194c      0x336 Libraries/FEHLCD.o
                0x0001194c                FEHLCD::SetRegisterColorValues()
 *fill*         0x00011c82        0x2 ff
 .text._Z41__static_initialization_and_destruction_0ii
                0x00011c84       0x2c Libraries/FEHLCD.o
 .text._GLOBAL__sub_I_image
                0x00011cb0       0x10 Libraries/FEHLCD.o
 .text._ZN8FEHAccelC2Ev
                0x00011cc0       0x74 Libraries/FEHAccel.o
                0x00011cc0                FEHAccel::FEHAccel()
                0x00011cc0                FEHAccel::FEHAccel()
 .text._Z41__static_initialization_and_destruction_0ii
                0x00011d34       0x2c Libraries/FEHAccel.o
 .text._GLOBAL__sub_I_Accel
                0x00011d60       0x10 Libraries/FEHAccel.o
 .text._ZN10FEHBatteryC2EN5FEHIO8FEHIOPinE
                0x00011d70       0x22 Libraries/FEHBattery.o
                0x00011d70                FEHBattery::FEHBattery(FEHIO::FEHIOPin)
                0x00011d70                FEHBattery::FEHBattery(FEHIO::FEHIOPin)
 *fill*         0x00011d92        0x2 ff
 .text._Z41__static_initialization_and_destruction_0ii
                0x00011d94       0x30 Libraries/FEHBattery.o
 .text._GLOBAL__sub_I_Battery
                0x00011dc4       0x10 Libraries/FEHBattery.o
 .text._ZN7FEHXBeeC2Ev
                0x00011dd4       0x1a Drivers/FEHXBee.o
                0x00011dd4                FEHXBee::FEHXBee()
                0x00011dd4                FEHXBee::FEHXBee()
 *fill*         0x00011dee        0x2 ff
 .text._ZN7FEHXBee17SetPacketCallBackEPFvPhhE
                0x00011df0       0x20 Drivers/FEHXBee.o
                0x00011df0                FEHXBee::SetPacketCallBack(void (*)(unsigned char*, unsigned char))
 .text._Z22UART0_RX_TX_IRQHandlerv
                0x00011e10       0xec Drivers/FEHXBee.o
                0x00011e10                UART0_RX_TX_IRQHandler()
 .text._ZN6FEHRPSC2Ev
                0x00011efc       0x74 Libraries/FEHRPS.o
                0x00011efc                FEHRPS::FEHRPS()
                0x00011efc                FEHRPS::FEHRPS()
 .text._Z14RPSDataProcessPhh
                0x00011f70      0x148 Libraries/FEHRPS.o
                0x00011f70                RPSDataProcess(unsigned char*, unsigned char)
 .text._Z41__static_initialization_and_destruction_0ii
                0x000120b8       0x2c Libraries/FEHRPS.o
 .text._GLOBAL__sub_I_RPS
                0x000120e4       0x10 Libraries/FEHRPS.o
 .text._ZN5FEHSDC2Ev
                0x000120f4       0x24 Libraries/FEHSD.o
                0x000120f4                FEHSD::FEHSD()
                0x000120f4                FEHSD::FEHSD()
 .text._ZN5FEHSD9FCloseAllEv
                0x00012118       0x6c Libraries/FEHSD.o
                0x00012118                FEHSD::FCloseAll()
 .text._Z41__static_initialization_and_destruction_0ii
                0x00012184       0x2c Libraries/FEHSD.o
 .text._GLOBAL__sub_I_SD
                0x000121b0       0x10 Libraries/FEHSD.o
 .text._ZN9FEHRandom10InitializeEv
                0x000121c0       0x40 Libraries/FEHRandom.o
                0x000121c0                FEHRandom::Initialize()
 .text.startup._GLOBAL__sub_I__ZN9__gnu_cxx9__freeresEv
                0x00012200       0x28 c:/fehqt/proteus/gcc/bin/../lib/gcc/arm-none-eabi/9.2.1/../../../../arm-none-eabi/lib/thumb/v7e-m/nofp\libstdc++.a(eh_alloc.o)
 .text          0x00012228      0x378 c:/fehqt/proteus/gcc/bin/../lib/gcc/arm-none-eabi/9.2.1/thumb/v7e-m/nofp\libgcc.a(_arm_addsubdf3.o)
                0x00012228                __aeabi_drsub
                0x00012230                __aeabi_dsub
                0x00012230                __subdf3
                0x00012234                __aeabi_dadd
                0x00012234                __adddf3
                0x000124ac                __floatunsidf
                0x000124ac                __aeabi_ui2d
                0x000124cc                __floatsidf
                0x000124cc                __aeabi_i2d
                0x000124f0                __aeabi_f2d
                0x000124f0                __extendsfdf2
                0x00012534                __floatundidf
                0x00012534                __aeabi_ul2d
                0x00012544                __floatdidf
                0x00012544                __aeabi_l2d
 .text          0x000125a0      0x424 c:/fehqt/proteus/gcc/bin/../lib/gcc/arm-none-eabi/9.2.1/thumb/v7e-m/nofp\libgcc.a(_arm_muldivdf3.o)
                0x000125a0                __aeabi_dmul
                0x000125a0                __muldf3
                0x000127f4                __divdf3
                0x000127f4                __aeabi_ddiv
 .text          0x000129c4      0x110 c:/fehqt/proteus/gcc/bin/../lib/gcc/arm-none-eabi/9.2.1/thumb/v7e-m/nofp\libgcc.a(_arm_cmpdf2.o)
                0x000129c4                __gtdf2
                0x000129c4                __gedf2
                0x000129cc                __ltdf2
                0x000129cc                __ledf2
                0x000129d4                __nedf2
                0x000129d4                __eqdf2
                0x000129d4                __cmpdf2
                0x00012a50                __aeabi_cdrcmple
                0x00012a60                __aeabi_cdcmpeq
                0x00012a60                __aeabi_cdcmple
                0x00012a70                __aeabi_dcmpeq
                0x00012a84                __aeabi_dcmplt
                0x00012a98                __aeabi_dcmple
                0x00012aac                __aeabi_dcmpge
                0x00012ac0                __aeabi_dcmpgt
 .text          0x00012ad4       0x50 c:/fehqt/proteus/gcc/bin/../lib/gcc/arm-none-eabi/9.2.1/thumb/v7e-m/nofp\libgcc.a(_arm_fixdfsi.o)
                0x00012ad4                __aeabi_d2iz
                0x00012ad4                __fixdfsi
 .text          0x00012b24       0x40 c:/fehqt/proteus/gcc/bin/../lib/gcc/arm-none-eabi/9.2.1/thumb/v7e-m/nofp\libgcc.a(_arm_fixunsdfsi.o)
                0x00012b24                __aeabi_d2uiz
                0x00012b24                __fixunsdfsi
 .text          0x00012b64       0xa0 c:/fehqt/proteus/gcc/bin/../lib/gcc/arm-none-eabi/9.2.1/thumb/v7e-m/nofp\libgcc.a(_arm_truncdfsf2.o)
                0x00012b64                __truncdfsf2
                0x00012b64                __aeabi_d2f
 .text          0x00012c04      0x21c c:/fehqt/proteus/gcc/bin/../lib/gcc/arm-none-eabi/9.2.1/thumb/v7e-m/nofp\libgcc.a(_arm_addsubsf3.o)
                0x00012c04                __aeabi_frsub
                0x00012c0c                __subsf3
                0x00012c0c                __aeabi_fsub
                0x00012c10                __aeabi_fadd
                0x00012c10                __addsf3
                0x00012d70                __aeabi_ui2f
                0x00012d70                __floatunsisf
                0x00012d78                __aeabi_i2f
                0x00012d78                __floatsisf
                0x00012d94                __aeabi_ul2f
                0x00012d94                __floatundisf
                0x00012da4                __aeabi_l2f
                0x00012da4                __floatdisf
 .text          0x00012e20      0x2a0 c:/fehqt/proteus/gcc/bin/../lib/gcc/arm-none-eabi/9.2.1/thumb/v7e-m/nofp\libgcc.a(_arm_muldivsf3.o)
                0x00012e20                __mulsf3
                0x00012e20                __aeabi_fmul
                0x00012f88                __aeabi_fdiv
                0x00012f88                __divsf3
 .text          0x000130c0       0xec c:/fehqt/proteus/gcc/bin/../lib/gcc/arm-none-eabi/9.2.1/thumb/v7e-m/nofp\libgcc.a(_arm_cmpsf2.o)
                0x000130c0                __gesf2
                0x000130c0                __gtsf2
                0x000130c8                __lesf2
                0x000130c8                __ltsf2
                0x000130d0                __nesf2
                0x000130d0                __eqsf2
                0x000130d0                __cmpsf2
                0x00013130                __aeabi_cfrcmple
                0x00013138                __aeabi_cfcmpeq
                0x00013138                __aeabi_cfcmple
                0x00013148                __aeabi_fcmpeq
                0x0001315c                __aeabi_fcmplt
                0x00013170                __aeabi_fcmple
                0x00013184                __aeabi_fcmpge
                0x00013198                __aeabi_fcmpgt
 .text          0x000131ac       0x4c c:/fehqt/proteus/gcc/bin/../lib/gcc/arm-none-eabi/9.2.1/thumb/v7e-m/nofp\libgcc.a(_arm_fixsfsi.o)
                0x000131ac                __aeabi_f2iz
                0x000131ac                __fixsfsi
 .text.__libc_init_array
                0x000131f8       0x48 c:/fehqt/proteus/gcc/bin/../lib/gcc/arm-none-eabi/9.2.1/../../../../arm-none-eabi/lib/thumb/v7e-m/nofp\libg.a(lib_a-init.o)
                0x000131f8                __libc_init_array
 .text.__retarget_lock_acquire_recursive
                0x00013240        0x4 c:/fehqt/proteus/gcc/bin/../lib/gcc/arm-none-eabi/9.2.1/../../../../arm-none-eabi/lib/thumb/v7e-m/nofp\libg.a(lib_a-lock.o)
                0x00013240                __retarget_lock_acquire_recursive
 .text.__retarget_lock_release_recursive
                0x00013244        0x4 c:/fehqt/proteus/gcc/bin/../lib/gcc/arm-none-eabi/9.2.1/../../../../arm-none-eabi/lib/thumb/v7e-m/nofp\libg.a(lib_a-lock.o)
                0x00013244                __retarget_lock_release_recursive
 .text.malloc   0x00013248       0x10 c:/fehqt/proteus/gcc/bin/../lib/gcc/arm-none-eabi/9.2.1/../../../../arm-none-eabi/lib/thumb/v7e-m/nofp\libg.a(lib_a-malloc.o)
                0x00013248                malloc
 .text._malloc_r
                0x00013258      0x574 c:/fehqt/proteus/gcc/bin/../lib/gcc/arm-none-eabi/9.2.1/../../../../arm-none-eabi/lib/thumb/v7e-m/nofp\libg.a(lib_a-mallocr.o)
                0x00013258                _malloc_r
 *fill*         0x000137cc        0x4 ff
 .text          0x000137d0       0xa0 c:/fehqt/proteus/gcc/bin/../lib/gcc/arm-none-eabi/9.2.1/../../../../arm-none-eabi/lib/thumb/v7e-m/nofp\libg.a(lib_a-memchr.o)
                0x000137d0                memchr
 .text          0x00013870      0x134 c:/fehqt/proteus/gcc/bin/../lib/gcc/arm-none-eabi/9.2.1/../../../../arm-none-eabi/lib/thumb/v7e-m/nofp\libg.a(lib_a-memcpy.o)
                0x00013870                memcpy
 .text.memmove  0x000139a4       0xd8 c:/fehqt/proteus/gcc/bin/../lib/gcc/arm-none-eabi/9.2.1/../../../../arm-none-eabi/lib/thumb/v7e-m/nofp\libg.a(lib_a-memmove.o)
                0x000139a4                memmove
 .text.memset   0x00013a7c       0xa0 c:/fehqt/proteus/gcc/bin/../lib/gcc/arm-none-eabi/9.2.1/../../../../arm-none-eabi/lib/thumb/v7e-m/nofp\libg.a(lib_a-memset.o)
                0x00013a7c                memset
 .text.__malloc_lock
                0x00013b1c        0xc c:/fehqt/proteus/gcc/bin/../lib/gcc/arm-none-eabi/9.2.1/../../../../arm-none-eabi/lib/thumb/v7e-m/nofp\libg.a(lib_a-mlock.o)
                0x00013b1c                __malloc_lock
 .text.__malloc_unlock
                0x00013b28        0xc c:/fehqt/proteus/gcc/bin/../lib/gcc/arm-none-eabi/9.2.1/../../../../arm-none-eabi/lib/thumb/v7e-m/nofp\libg.a(lib_a-mlock.o)
                0x00013b28                __malloc_unlock
 .text._realloc_r
                0x00013b34      0x3e0 c:/fehqt/proteus/gcc/bin/../lib/gcc/arm-none-eabi/9.2.1/../../../../arm-none-eabi/lib/thumb/v7e-m/nofp\libg.a(lib_a-reallocr.o)
                0x00013b34                _realloc_r
 .text._sbrk_r  0x00013f14       0x24 c:/fehqt/proteus/gcc/bin/../lib/gcc/arm-none-eabi/9.2.1/../../../../arm-none-eabi/lib/thumb/v7e-m/nofp\libg.a(lib_a-sbrkr.o)
                0x00013f14                _sbrk_r
 .text.sprintf  0x00013f38       0x44 c:/fehqt/proteus/gcc/bin/../lib/gcc/arm-none-eabi/9.2.1/../../../../arm-none-eabi/lib/thumb/v7e-m/nofp\libg.a(lib_a-sprintf.o)
                0x00013f38                sprintf
 *fill*         0x00013f7c        0x4 ff
 .text          0x00013f80       0xdc c:/fehqt/proteus/gcc/bin/../lib/gcc/arm-none-eabi/9.2.1/../../../../arm-none-eabi/lib/thumb/v7e-m/nofp\libg.a(lib_a-strlen.o)
                0x00013f80                strlen
 .text._svfprintf_r
                0x0001405c     0x1acc c:/fehqt/proteus/gcc/bin/../lib/gcc/arm-none-eabi/9.2.1/../../../../arm-none-eabi/lib/thumb/v7e-m/nofp\libg.a(lib_a-svfprintf.o)
                0x0001405c                _svfprintf_r
 .text.startup.register_fini
                0x00015b28       0x14 c:/fehqt/proteus/gcc/bin/../lib/gcc/arm-none-eabi/9.2.1/../../../../arm-none-eabi/lib/thumb/v7e-m/nofp\libg.a(lib_a-__call_atexit.o)
 .text.atexit   0x00015b3c        0xc c:/fehqt/proteus/gcc/bin/../lib/gcc/arm-none-eabi/9.2.1/../../../../arm-none-eabi/lib/thumb/v7e-m/nofp\libg.a(lib_a-atexit.o)
                0x00015b3c                atexit
 .text.quorem   0x00015b48      0x11c c:/fehqt/proteus/gcc/bin/../lib/gcc/arm-none-eabi/9.2.1/../../../../arm-none-eabi/lib/thumb/v7e-m/nofp\libg.a(lib_a-dtoa.o)
 *fill*         0x00015c64        0x4 ff
 .text._dtoa_r  0x00015c68      0xeb8 c:/fehqt/proteus/gcc/bin/../lib/gcc/arm-none-eabi/9.2.1/../../../../arm-none-eabi/lib/thumb/v7e-m/nofp\libg.a(lib_a-dtoa.o)
                0x00015c68                _dtoa_r
 .text.__libc_fini_array
                0x00016b20       0x2c c:/fehqt/proteus/gcc/bin/../lib/gcc/arm-none-eabi/9.2.1/../../../../arm-none-eabi/lib/thumb/v7e-m/nofp\libg.a(lib_a-fini.o)
                0x00016b20                __libc_fini_array
 .text._malloc_trim_r
                0x00016b4c       0xa0 c:/fehqt/proteus/gcc/bin/../lib/gcc/arm-none-eabi/9.2.1/../../../../arm-none-eabi/lib/thumb/v7e-m/nofp\libg.a(lib_a-freer.o)
                0x00016b4c                _malloc_trim_r
 .text._free_r  0x00016bec      0x208 c:/fehqt/proteus/gcc/bin/../lib/gcc/arm-none-eabi/9.2.1/../../../../arm-none-eabi/lib/thumb/v7e-m/nofp\libg.a(lib_a-freer.o)
                0x00016bec                _free_r
 .text._localeconv_r
                0x00016df4        0x8 c:/fehqt/proteus/gcc/bin/../lib/gcc/arm-none-eabi/9.2.1/../../../../arm-none-eabi/lib/thumb/v7e-m/nofp\libg.a(lib_a-localeconv.o)
                0x00016df4                _localeconv_r
 .text._Balloc  0x00016dfc       0x4c c:/fehqt/proteus/gcc/bin/../lib/gcc/arm-none-eabi/9.2.1/../../../../arm-none-eabi/lib/thumb/v7e-m/nofp\libg.a(lib_a-mprec.o)
                0x00016dfc                _Balloc
 .text._Bfree   0x00016e48       0x14 c:/fehqt/proteus/gcc/bin/../lib/gcc/arm-none-eabi/9.2.1/../../../../arm-none-eabi/lib/thumb/v7e-m/nofp\libg.a(lib_a-mprec.o)
                0x00016e48                _Bfree
 .text.__multadd
                0x00016e5c       0x80 c:/fehqt/proteus/gcc/bin/../lib/gcc/arm-none-eabi/9.2.1/../../../../arm-none-eabi/lib/thumb/v7e-m/nofp\libg.a(lib_a-mprec.o)
                0x00016e5c                __multadd
 .text.__hi0bits
                0x00016edc       0x40 c:/fehqt/proteus/gcc/bin/../lib/gcc/arm-none-eabi/9.2.1/../../../../arm-none-eabi/lib/thumb/v7e-m/nofp\libg.a(lib_a-mprec.o)
                0x00016edc                __hi0bits
 .text.__lo0bits
                0x00016f1c       0x60 c:/fehqt/proteus/gcc/bin/../lib/gcc/arm-none-eabi/9.2.1/../../../../arm-none-eabi/lib/thumb/v7e-m/nofp\libg.a(lib_a-mprec.o)
                0x00016f1c                __lo0bits
 .text.__i2b    0x00016f7c       0x14 c:/fehqt/proteus/gcc/bin/../lib/gcc/arm-none-eabi/9.2.1/../../../../arm-none-eabi/lib/thumb/v7e-m/nofp\libg.a(lib_a-mprec.o)
                0x00016f7c                __i2b
 .text.__multiply
                0x00016f90      0x144 c:/fehqt/proteus/gcc/bin/../lib/gcc/arm-none-eabi/9.2.1/../../../../arm-none-eabi/lib/thumb/v7e-m/nofp\libg.a(lib_a-mprec.o)
                0x00016f90                __multiply
 .text.__pow5mult
                0x000170d4       0xa0 c:/fehqt/proteus/gcc/bin/../lib/gcc/arm-none-eabi/9.2.1/../../../../arm-none-eabi/lib/thumb/v7e-m/nofp\libg.a(lib_a-mprec.o)
                0x000170d4                __pow5mult
 .text.__lshift
                0x00017174       0xd4 c:/fehqt/proteus/gcc/bin/../lib/gcc/arm-none-eabi/9.2.1/../../../../arm-none-eabi/lib/thumb/v7e-m/nofp\libg.a(lib_a-mprec.o)
                0x00017174                __lshift
 .text.__mcmp   0x00017248       0x3c c:/fehqt/proteus/gcc/bin/../lib/gcc/arm-none-eabi/9.2.1/../../../../arm-none-eabi/lib/thumb/v7e-m/nofp\libg.a(lib_a-mprec.o)
                0x00017248                __mcmp
 .text.__mdiff  0x00017284      0x138 c:/fehqt/proteus/gcc/bin/../lib/gcc/arm-none-eabi/9.2.1/../../../../arm-none-eabi/lib/thumb/v7e-m/nofp\libg.a(lib_a-mprec.o)
                0x00017284                __mdiff
 .text.__d2b    0x000173bc       0xa8 c:/fehqt/proteus/gcc/bin/../lib/gcc/arm-none-eabi/9.2.1/../../../../arm-none-eabi/lib/thumb/v7e-m/nofp\libg.a(lib_a-mprec.o)
                0x000173bc                __d2b
 .text.frexp    0x00017464       0x70 c:/fehqt/proteus/gcc/bin/../lib/gcc/arm-none-eabi/9.2.1/../../../../arm-none-eabi/lib/thumb/v7e-m/nofp\libg.a(lib_a-s_frexp.o)
                0x00017464                frexp
 .text.strncpy  0x000174d4       0x68 c:/fehqt/proteus/gcc/bin/../lib/gcc/arm-none-eabi/9.2.1/../../../../arm-none-eabi/lib/thumb/v7e-m/nofp\libg.a(lib_a-strncpy.o)
                0x000174d4                strncpy
 .text.__ssprint_r
                0x0001753c       0xf8 c:/fehqt/proteus/gcc/bin/../lib/gcc/arm-none-eabi/9.2.1/../../../../arm-none-eabi/lib/thumb/v7e-m/nofp\libg.a(lib_a-svfiprintf.o)
                0x0001753c                __ssprint_r
 .text.__register_exitproc
                0x00017634       0x8c c:/fehqt/proteus/gcc/bin/../lib/gcc/arm-none-eabi/9.2.1/../../../../arm-none-eabi/lib/thumb/v7e-m/nofp\libg.a(lib_a-__atexit.o)
                0x00017634                __register_exitproc
 .text._calloc_r
                0x000176c0       0x60 c:/fehqt/proteus/gcc/bin/../lib/gcc/arm-none-eabi/9.2.1/../../../../arm-none-eabi/lib/thumb/v7e-m/nofp\libg.a(lib_a-callocr.o)
                0x000176c0                _calloc_r
 .text.__ascii_mbtowc
                0x00017720       0x2c c:/fehqt/proteus/gcc/bin/../lib/gcc/arm-none-eabi/9.2.1/../../../../arm-none-eabi/lib/thumb/v7e-m/nofp\libg.a(lib_a-mbtowc_r.o)
                0x00017720                __ascii_mbtowc
 .text.__ascii_wctomb
                0x0001774c       0x1c c:/fehqt/proteus/gcc/bin/../lib/gcc/arm-none-eabi/9.2.1/../../../../arm-none-eabi/lib/thumb/v7e-m/nofp\libg.a(lib_a-wctomb_r.o)
                0x0001774c                __ascii_wctomb
 .text          0x00017768       0x2c c:/fehqt/proteus/gcc/bin/../lib/gcc/arm-none-eabi/9.2.1/thumb/v7e-m/nofp\libgcc.a(_arm_unorddf2.o)
                0x00017768                __unorddf2
                0x00017768                __aeabi_dcmpun
 .text          0x00017794       0x30 c:/fehqt/proteus/gcc/bin/../lib/gcc/arm-none-eabi/9.2.1/thumb/v7e-m/nofp\libgcc.a(_aeabi_uldivmod.o)
                0x00017794                __aeabi_uldivmod
 .text          0x000177c4      0x2c0 c:/fehqt/proteus/gcc/bin/../lib/gcc/arm-none-eabi/9.2.1/thumb/v7e-m/nofp\libgcc.a(_udivmoddi4.o)
                0x000177c4                __udivmoddi4
 .text          0x00017a84        0x4 c:/fehqt/proteus/gcc/bin/../lib/gcc/arm-none-eabi/9.2.1/thumb/v7e-m/nofp\libgcc.a(_dvmd_tls.o)
                0x00017a84                __aeabi_idiv0
                0x00017a84                __aeabi_ldiv0
 .text._sbrk    0x00017a88       0x1c c:/fehqt/proteus/gcc/bin/../lib/gcc/arm-none-eabi/9.2.1/../../../../arm-none-eabi/lib/thumb/v7e-m/nofp\libnosys.a(sbrk.o)
                0x00017a88                _sbrk
 *(.rodata .rodata.* .constdata .constdata.*)
 .rodata        0x00017aa4      0x15a ../main.o
 *fill*         0x00017bfe        0x2 ff
 .rodata.K60_SDHC0_init
                0x00017c00        0xc Drivers/SDHC.o
                0x00017c00                K60_SDHC0_init
 .rodata._ZL21ESDHC_COMMAND_XFERTYP
                0x00017c0c      0x100 Drivers/SDHC.o
 .rodata._ZL9GPIOPorts
                0x00017d0c       0x20 Libraries/FEHIO.o
 .rodata._ZL10ADCNumbers
                0x00017d2c       0x21 Libraries/FEHIO.o
 *fill*         0x00017d4d        0x3 ff
 .rodata._ZL14GPIOPinNumbers
                0x00017d50       0x80 Libraries/FEHIO.o
 .rodata._ZL16AnalogPinNumbers
                0x00017dd0       0x84 Libraries/FEHIO.o
 .rodata        0x00017e54       0x58 Libraries/FEHIO.o
 .rodata        0x00017eac       0x32 Libraries/FEHLCD.o
 *fill*         0x00017ede        0x2 ff
 .rodata._global_impure_ptr
                0x00017ee0        0x4 c:/fehqt/proteus/gcc/bin/../lib/gcc/arm-none-eabi/9.2.1/../../../../arm-none-eabi/lib/thumb/v7e-m/nofp\libg.a(lib_a-impure.o)
                0x00017ee0                _global_impure_ptr
 .rodata._svfprintf_r.str1.4
                0x00017ee4       0x42 c:/fehqt/proteus/gcc/bin/../lib/gcc/arm-none-eabi/9.2.1/../../../../arm-none-eabi/lib/thumb/v7e-m/nofp\libg.a(lib_a-svfprintf.o)
 *fill*         0x00017f26        0x2 ff
 .rodata.blanks.7345
                0x00017f28       0x10 c:/fehqt/proteus/gcc/bin/../lib/gcc/arm-none-eabi/9.2.1/../../../../arm-none-eabi/lib/thumb/v7e-m/nofp\libg.a(lib_a-svfprintf.o)
 .rodata.zeroes.7346
                0x00017f38       0x10 c:/fehqt/proteus/gcc/bin/../lib/gcc/arm-none-eabi/9.2.1/../../../../arm-none-eabi/lib/thumb/v7e-m/nofp\libg.a(lib_a-svfprintf.o)
 .rodata._dtoa_r.str1.4
                0x00017f48        0xd c:/fehqt/proteus/gcc/bin/../lib/gcc/arm-none-eabi/9.2.1/../../../../arm-none-eabi/lib/thumb/v7e-m/nofp\libg.a(lib_a-dtoa.o)
                                 0x12 (size before relaxing)
 *fill*         0x00017f55        0x3 ff
 .rodata.__mprec_bigtens
                0x00017f58       0x28 c:/fehqt/proteus/gcc/bin/../lib/gcc/arm-none-eabi/9.2.1/../../../../arm-none-eabi/lib/thumb/v7e-m/nofp\libg.a(lib_a-mprec.o)
                0x00017f58                __mprec_bigtens
 .rodata.__mprec_tens
                0x00017f80       0xc8 c:/fehqt/proteus/gcc/bin/../lib/gcc/arm-none-eabi/9.2.1/../../../../arm-none-eabi/lib/thumb/v7e-m/nofp\libg.a(lib_a-mprec.o)
                0x00017f80                __mprec_tens
 .rodata.p05.6115
                0x00018048        0xc c:/fehqt/proteus/gcc/bin/../lib/gcc/arm-none-eabi/9.2.1/../../../../arm-none-eabi/lib/thumb/v7e-m/nofp\libg.a(lib_a-mprec.o)
 .rodata._ctype_
                0x00018054      0x101 c:/fehqt/proteus/gcc/bin/../lib/gcc/arm-none-eabi/9.2.1/../../../../arm-none-eabi/lib/thumb/v7e-m/nofp\libg.a(lib_a-ctype_.o)
                0x00018054                _ctype_
 *fill*         0x00018155        0x3 ff
 .rodata._setlocale_r.str1.4
                0x00018158        0xa c:/fehqt/proteus/gcc/bin/../lib/gcc/arm-none-eabi/9.2.1/../../../../arm-none-eabi/lib/thumb/v7e-m/nofp\libg.a(lib_a-locale.o)
                                  0xd (size before relaxing)
 *fill*         0x00018162        0x2 ff
 .rodata.str1.4
                0x00018164        0x2 c:/fehqt/proteus/gcc/bin/../lib/gcc/arm-none-eabi/9.2.1/../../../../arm-none-eabi/lib/thumb/v7e-m/nofp\libg.a(lib_a-locale.o)
                0x00018168                . = ALIGN (0x4)
 *fill*         0x00018166        0x2 ff
                0x00018168                . = ALIGN (0x4)
 *(.init)
 .init          0x00018168        0x4 c:/fehqt/proteus/gcc/bin/../lib/gcc/arm-none-eabi/9.2.1/thumb/v7e-m/nofp/crti.o
                0x00018168                _init
 .init          0x0001816c        0x8 c:/fehqt/proteus/gcc/bin/../lib/gcc/arm-none-eabi/9.2.1/thumb/v7e-m/nofp/crtn.o
                0x00018174                . = ALIGN (0x4)
                0x00018174                __preinit_array_start = .
 *(.preinit_array)
                0x00018174                __preinit_array_end = .
                0x00018174                . = ALIGN (0x4)
                0x00018174                __init_array_start = .
 *(SORT_BY_NAME(.init_array.*))
 .init_array.00000
                0x00018174        0x4 c:/fehqt/proteus/gcc/bin/../lib/gcc/arm-none-eabi/9.2.1/../../../../arm-none-eabi/lib/thumb/v7e-m/nofp\libg.a(lib_a-__call_atexit.o)
 *(.init_array)
 .init_array    0x00018178        0x4 c:/fehqt/proteus/gcc/bin/../lib/gcc/arm-none-eabi/9.2.1/thumb/v7e-m/nofp/crtbegin.o
 .init_array    0x0001817c        0x4 ../main.o
 .init_array    0x00018180        0x4 FEHProteus.o
 .init_array    0x00018184        0x4 Libraries/FEHBuzzer.o
 .init_array    0x00018188        0x4 Libraries/FEHLCD.o
 .init_array    0x0001818c        0x4 Libraries/FEHAccel.o
 .init_array    0x00018190        0x4 Libraries/FEHBattery.o
 .init_array    0x00018194        0x4 Libraries/FEHRPS.o
 .init_array    0x00018198        0x4 Libraries/FEHSD.o
 .init_array    0x0001819c        0x4 c:/fehqt/proteus/gcc/bin/../lib/gcc/arm-none-eabi/9.2.1/../../../../arm-none-eabi/lib/thumb/v7e-m/nofp\libstdc++.a(eh_alloc.o)
                0x000181a0                __init_array_end = .
 *(.fini)
 .fini          0x000181a0        0x4 c:/fehqt/proteus/gcc/bin/../lib/gcc/arm-none-eabi/9.2.1/thumb/v7e-m/nofp/crti.o
                0x000181a0                _fini
 .fini          0x000181a4        0x8 c:/fehqt/proteus/gcc/bin/../lib/gcc/arm-none-eabi/9.2.1/thumb/v7e-m/nofp/crtn.o
                0x000181ac                . = ALIGN (0x4)
 *crtbegin.o(.ctors)
 *(EXCLUDE_FILE(*crtend.o) .ctors)
 *(SORT_BY_NAME(.ctors.*))
 *crtend.o(.ctors)
                0x000181ac                . = ALIGN (0x4)
 *crtbegin.o(.dtors)
 *(EXCLUDE_FILE(*crtend.o) .dtors)
 *(SORT_BY_NAME(.dtors.*))
 *crtend.o(.dtors)
                0x000181ac                . = ALIGN (0x4)

.glue_7         0x000181ac        0x0
 .glue_7        0x000181ac        0x0 linker stubs

.glue_7t        0x000181ac        0x0
 .glue_7t       0x000181ac        0x0 linker stubs

.vfp11_veneer   0x000181ac        0x0
 .vfp11_veneer  0x000181ac        0x0 linker stubs

.v4_bx          0x000181ac        0x0
 .v4_bx         0x000181ac        0x0 linker stubs

.iplt           0x000181ac        0x0
 .iplt          0x000181ac        0x0 c:/fehqt/proteus/gcc/bin/../lib/gcc/arm-none-eabi/9.2.1/thumb/v7e-m/nofp/crtbegin.o

.ARM.extab
 *(.ARM.extab* .gnu.linkonce.armextab.*)
                0x000181ac                __exidx_start = .

.ARM.exidx      0x000181ac        0x8
 *(.ARM.exidx* .gnu.linkonce.armexidx.*)
 .ARM.exidx.text.startup._GLOBAL__sub_I__ZN9__gnu_cxx9__freeresEv
                0x000181ac        0x8 c:/fehqt/proteus/gcc/bin/../lib/gcc/arm-none-eabi/9.2.1/../../../../arm-none-eabi/lib/thumb/v7e-m/nofp\libstdc++.a(eh_alloc.o)
 .ARM.exidx     0x000181b4        0x0 c:/fehqt/proteus/gcc/bin/../lib/gcc/arm-none-eabi/9.2.1/thumb/v7e-m/nofp\libgcc.a(_udivmoddi4.o)
                                  0x8 (size before relaxing)
                0x000181b4                __exidx_end = .
                0x000181b4                _etext = .

.eh_frame       0x000181b4        0x0
 .eh_frame      0x000181b4        0x0 c:/fehqt/proteus/gcc/bin/../lib/gcc/arm-none-eabi/9.2.1/thumb/v7e-m/nofp/crtbegin.o

.rel.dyn        0x000181b4        0x0
 .rel.iplt      0x000181b4        0x0 c:/fehqt/proteus/gcc/bin/../lib/gcc/arm-none-eabi/9.2.1/thumb/v7e-m/nofp/crtbegin.o

.m_usb_data
 *(m_usb_bdt)

.data_RAM2      0x1fff0000        0x0 load address 0x000181b4
 FILL mask 0xff
                [!provide]                PROVIDE (__start_data_RAM2 = .)
 *(.ramfunc.$RAM2)
 *(.ramfunc.$SRAM_LOWER)
 *(.EXTRA_RAM)
 *(.data.$RAM2)
 *(.data.$SRAM_LOWER)
 *(.data.$RAM2.*)
 *(.data.$SRAM_LOWER.*)
                0x1fff0000                . = ALIGN (0x4)
                [!provide]                PROVIDE (__end_data_RAM2 = .)

.uninit_RESERVED
                0x20000000        0x0
                0x20000000                . = ALIGN (0x4)
 *(.bss.$RESERVED*)
                0x20000000                . = ALIGN (0x4)
                0x20000000                _end_uninit_RESERVED = .

.data           0x20000000     0x16c8 load address 0x000181b4
 FILL mask 0xff
                0x20000000                _data = .
 *(vtable)
 *(.ramfunc*)
 *(CodeQuickAccess)
 *(DataQuickAccess)
 *(RamFunction)
 *(.data*)
 .data._ZL4Stat
                0x20000000        0x1 Drivers/SDHC.o
 *fill*         0x20000001        0x3 ff
 .data.image    0x20000004      0x74e Libraries/FEHLCD.o
                0x20000004                image
 *fill*         0x20000752        0x2 ff
 .data.logo     0x20000754      0x3e6 Libraries/FEHLCD.o
                0x20000754                logo
 *fill*         0x20000b3a        0x2 ff
 .data._ZN6FEHLCD8fontDataE
                0x20000b3c      0x1e0 Libraries/FEHLCD.o
                0x20000b3c                FEHLCD::fontData
 .data._impure_ptr
                0x20000d1c        0x4 c:/fehqt/proteus/gcc/bin/../lib/gcc/arm-none-eabi/9.2.1/../../../../arm-none-eabi/lib/thumb/v7e-m/nofp\libg.a(lib_a-impure.o)
                0x20000d1c                _impure_ptr
 .data.impure_data
                0x20000d20      0x428 c:/fehqt/proteus/gcc/bin/../lib/gcc/arm-none-eabi/9.2.1/../../../../arm-none-eabi/lib/thumb/v7e-m/nofp\libg.a(lib_a-impure.o)
 .data.__malloc_av_
                0x20001148      0x408 c:/fehqt/proteus/gcc/bin/../lib/gcc/arm-none-eabi/9.2.1/../../../../arm-none-eabi/lib/thumb/v7e-m/nofp\libg.a(lib_a-mallocr.o)
                0x20001148                __malloc_av_
 .data.__malloc_sbrk_base
                0x20001550        0x4 c:/fehqt/proteus/gcc/bin/../lib/gcc/arm-none-eabi/9.2.1/../../../../arm-none-eabi/lib/thumb/v7e-m/nofp\libg.a(lib_a-mallocr.o)
                0x20001550                __malloc_sbrk_base
 .data.__malloc_trim_threshold
                0x20001554        0x4 c:/fehqt/proteus/gcc/bin/../lib/gcc/arm-none-eabi/9.2.1/../../../../arm-none-eabi/lib/thumb/v7e-m/nofp\libg.a(lib_a-mallocr.o)
                0x20001554                __malloc_trim_threshold
 .data.__atexit_recursive_mutex
                0x20001558        0x4 c:/fehqt/proteus/gcc/bin/../lib/gcc/arm-none-eabi/9.2.1/../../../../arm-none-eabi/lib/thumb/v7e-m/nofp\libg.a(lib_a-__call_atexit.o)
                0x20001558                __atexit_recursive_mutex
 .data.__global_locale
                0x2000155c      0x16c c:/fehqt/proteus/gcc/bin/../lib/gcc/arm-none-eabi/9.2.1/../../../../arm-none-eabi/lib/thumb/v7e-m/nofp\libg.a(lib_a-locale.o)
                0x2000155c                __global_locale
                0x200016c8                . = ALIGN (0x4)
                0x200016c8                _edata = .

.igot.plt       0x200016c8        0x0 load address 0x0001987c
 .igot.plt      0x200016c8        0x0 c:/fehqt/proteus/gcc/bin/../lib/gcc/arm-none-eabi/9.2.1/thumb/v7e-m/nofp/crtbegin.o

.bss_RAM2       0x1fff0000        0x0
                0x1fff0000                . = ALIGN (0x4)
                [!provide]                PROVIDE (__start_bss_RAM2 = .)
 *(.bss.$RAM2)
 *(.bss.$SRAM_LOWER)
 *(.bss.$RAM2.*)
 *(.bss.$SRAM_LOWER.*)
                0x1fff0000                . = ALIGN ((. != 0x0)?0x4:0x1)
                [!provide]                PROVIDE (__end_bss_RAM2 = .)

.bss            0x200016c8      0x4b8
                0x200016c8                . = ALIGN (0x4)
                0x200016c8                _bss = .
 *(.bss*)
 .bss           0x200016c8       0x1c c:/fehqt/proteus/gcc/bin/../lib/gcc/arm-none-eabi/9.2.1/thumb/v7e-m/nofp/crtbegin.o
 .bss.leftMotor
                0x200016e4        0x8 ../main.o
                0x200016e4                leftMotor
 .bss.rightMotor
                0x200016ec        0x8 ../main.o
                0x200016ec                rightMotor
 .bss.leftEncoder
                0x200016f4        0x1 ../main.o
                0x200016f4                leftEncoder
 *fill*         0x200016f5        0x3 
 .bss.rightEncoder
                0x200016f8        0x1 ../main.o
                0x200016f8                rightEncoder
 *fill*         0x200016f9        0x3 
 .bss.CdS       0x200016fc        0x1 ../main.o
                0x200016fc                CdS
 *fill*         0x200016fd        0x3 
 .bss.leftLine  0x20001700        0x1 ../main.o
                0x20001700                leftLine
 *fill*         0x20001701        0x3 
 .bss.centerLine
                0x20001704        0x1 ../main.o
                0x20001704                centerLine
 *fill*         0x20001705        0x3 
 .bss.rightLine
                0x20001708        0x1 ../main.o
                0x20001708                rightLine
 *fill*         0x20001709        0x3 
 .bss.frontLeftSwitch
                0x2000170c        0x1 ../main.o
                0x2000170c                frontLeftSwitch
 *fill*         0x2000170d        0x3 
 .bss.frontRightSwitch
                0x20001710        0x1 ../main.o
                0x20001710                frontRightSwitch
 *fill*         0x20001711        0x3 
 .bss.backLeftSwitch
                0x20001714        0x1 ../main.o
                0x20001714                backLeftSwitch
 *fill*         0x20001715        0x3 
 .bss.backRightSwitch
                0x20001718        0x1 ../main.o
                0x20001718                backRightSwitch
 *fill*         0x20001719        0x3 
 .bss.servo_arm
                0x2000171c        0xc ../main.o
                0x2000171c                servo_arm
 .bss.servo_fork
                0x20001728        0xc ../main.o
                0x20001728                servo_fork
 .bss.MasterTransmission
                0x20001734        0x1 Drivers/i2c.o
                0x20001734                MasterTransmission
 .bss.SlaveID   0x20001735        0x1 Drivers/i2c.o
                0x20001735                SlaveID
 .bss.timeout   0x20001736        0x1 Drivers/i2c.o
                0x20001736                timeout
 *fill*         0x20001737        0x1 
 .bss.SDHC_Card
                0x20001738       0x14 Drivers/SDHC.o
                0x20001738                SDHC_Card
 .bss.SDHC_Info
                0x2000174c      0x204 Drivers/SDHC.o
                0x2000174c                SDHC_Info
 .bss.SDHC_Device
                0x20001950        0x8 Drivers/SDHC.o
                0x20001950                SDHC_Device
 .bss.Propeller
                0x20001958        0x1 FEHProteus.o
                0x20001958                Propeller
 *fill*         0x20001959        0x3 
 .bss.CoreClockKHz
                0x2000195c        0x4 FEHProteus.o
                0x2000195c                CoreClockKHz
 .bss.CoreClockMHz
                0x20001960        0x4 FEHProteus.o
                0x20001960                CoreClockMHz
 .bss.PeripheralClockKHz
                0x20001964        0x4 FEHProteus.o
                0x20001964                PeripheralClockKHz
 .bss._ZN14AnalogInputPin17Master_Adc_ConfigE
                0x20001968       0x10 Libraries/FEHIO.o
                0x20001968                AnalogInputPin::Master_Adc_Config
 .bss._ZN14AnalogInputPin18Encoder_Adc_ConfigE
                0x20001978       0x10 Libraries/FEHIO.o
                0x20001978                AnalogInputPin::Encoder_Adc_Config
 .bss.interrupt_counts
                0x20001988       0x80 Libraries/FEHIO.o
                0x20001988                interrupt_counts
 .bss._ZN13AnalogEncoder7pinListE
                0x20001a08        0x4 Libraries/FEHIO.o
                0x20001a08                AnalogEncoder::pinList
 .bss.__interrupt_counter
                0x20001a0c        0x4 Libraries/FEHIO.o
                0x20001a0c                __interrupt_counter
 .bss.Buzzer    0x20001a10        0x1 Libraries/FEHBuzzer.o
                0x20001a10                Buzzer
 *fill*         0x20001a11        0x3 
 .bss.LCD       0x20001a14       0x44 Libraries/FEHLCD.o
                0x20001a14                LCD
 .bss.initialized
                0x20001a58        0x1 Libraries/FEHLCD.o
                0x20001a58                initialized
 *fill*         0x20001a59        0x3 
 .bss.Accel     0x20001a5c        0x1 Libraries/FEHAccel.o
                0x20001a5c                Accel
 *fill*         0x20001a5d        0x3 
 .bss.Battery   0x20001a60        0x1 Libraries/FEHBattery.o
                0x20001a60                Battery
 *fill*         0x20001a61        0x3 
 .bss.XBeeDataProcess
                0x20001a64        0x4 Drivers/FEHXBee.o
                0x20001a64                XBeeDataProcess
 .bss._xbeebuffer
                0x20001a68       0x10 Drivers/FEHXBee.o
                0x20001a68                _xbeebuffer
 .bss._xbeebufferindex
                0x20001a78        0x1 Drivers/FEHXBee.o
                0x20001a78                _xbeebufferindex
 .bss._xbeestate
                0x20001a79        0x1 Drivers/FEHXBee.o
                0x20001a79                _xbeestate
 .bss._xbeebytereceived
                0x20001a7a        0x1 Drivers/FEHXBee.o
                0x20001a7a                _xbeebytereceived
 .bss._xbeebyte
                0x20001a7b        0x1 Drivers/FEHXBee.o
                0x20001a7b                _xbeebyte
 .bss.RPS       0x20001a7c        0x8 Libraries/FEHRPS.o
                0x20001a7c                RPS
 .bss._enabled  0x20001a84        0x1 Libraries/FEHRPS.o
                0x20001a84                _enabled
 *fill*         0x20001a85        0x3 
 .bss._RPS_x    0x20001a88        0x4 Libraries/FEHRPS.o
                0x20001a88                _RPS_x
 .bss._RPS_y    0x20001a8c        0x4 Libraries/FEHRPS.o
                0x20001a8c                _RPS_y
 .bss._RPS_heading
                0x20001a90        0x4 Libraries/FEHRPS.o
                0x20001a90                _RPS_heading
 .bss._RPS_objective
                0x20001a94        0x4 Libraries/FEHRPS.o
                0x20001a94                _RPS_objective
 .bss._RPS_time
                0x20001a98        0x1 Libraries/FEHRPS.o
                0x20001a98                _RPS_time
 .bss._RPS_stop
                0x20001a99        0x1 Libraries/FEHRPS.o
                0x20001a99                _RPS_stop
 .bss._RPS_foundpacket
                0x20001a9a        0x1 Libraries/FEHRPS.o
                0x20001a9a                _RPS_foundpacket
 *fill*         0x20001a9b        0x1 
 .bss.SD        0x20001a9c        0x8 Libraries/FEHSD.o
                0x20001a9c                SD
 .bss.f_res     0x20001aa4        0x1 Libraries/FEHSD.o
                0x20001aa4                f_res
 *fill*         0x20001aa5        0x3 
 .bss.filePtrs  0x20001aa8       0x64 Libraries/FEHSD.o
                0x20001aa8                filePtrs
 .bss.Random    0x20001b0c        0x1 Libraries/FEHRandom.o
                0x20001b0c                Random
 *fill*         0x20001b0d        0x3 
 .bss._ZN12_GLOBAL__N_114emergency_poolE
                0x20001b10       0x10 c:/fehqt/proteus/gcc/bin/../lib/gcc/arm-none-eabi/9.2.1/../../../../arm-none-eabi/lib/thumb/v7e-m/nofp\libstdc++.a(eh_alloc.o)
 .bss.__malloc_current_mallinfo
                0x20001b20       0x28 c:/fehqt/proteus/gcc/bin/../lib/gcc/arm-none-eabi/9.2.1/../../../../arm-none-eabi/lib/thumb/v7e-m/nofp\libg.a(lib_a-mallocr.o)
                0x20001b20                __malloc_current_mallinfo
 .bss.__malloc_max_sbrked_mem
                0x20001b48        0x4 c:/fehqt/proteus/gcc/bin/../lib/gcc/arm-none-eabi/9.2.1/../../../../arm-none-eabi/lib/thumb/v7e-m/nofp\libg.a(lib_a-mallocr.o)
                0x20001b48                __malloc_max_sbrked_mem
 .bss.__malloc_max_total_mem
                0x20001b4c        0x4 c:/fehqt/proteus/gcc/bin/../lib/gcc/arm-none-eabi/9.2.1/../../../../arm-none-eabi/lib/thumb/v7e-m/nofp\libg.a(lib_a-mallocr.o)
                0x20001b4c                __malloc_max_total_mem
 .bss.__malloc_top_pad
                0x20001b50        0x4 c:/fehqt/proteus/gcc/bin/../lib/gcc/arm-none-eabi/9.2.1/../../../../arm-none-eabi/lib/thumb/v7e-m/nofp\libg.a(lib_a-mallocr.o)
                0x20001b50                __malloc_top_pad
 .bss.heap_end.4144
                0x20001b54        0x4 c:/fehqt/proteus/gcc/bin/../lib/gcc/arm-none-eabi/9.2.1/../../../../arm-none-eabi/lib/thumb/v7e-m/nofp\libnosys.a(sbrk.o)
 *(COMMON)
 COMMON         0x20001b58       0x21 c:/fehqt/proteus/gcc/bin/../lib/gcc/arm-none-eabi/9.2.1/../../../../arm-none-eabi/lib/thumb/v7e-m/nofp\libg.a(lib_a-lock.o)
                0x20001b58                __lock___atexit_recursive_mutex
                0x20001b5c                __lock___arc4random_mutex
                0x20001b60                __lock___env_recursive_mutex
                0x20001b64                __lock___sinit_recursive_mutex
                0x20001b68                __lock___malloc_recursive_mutex
                0x20001b6c                __lock___at_quick_exit_mutex
                0x20001b70                __lock___dd_hash_mutex
                0x20001b74                __lock___tz_mutex
                0x20001b78                __lock___sfp_recursive_mutex
 *fill*         0x20001b79        0x3 
 COMMON         0x20001b7c        0x4 c:/fehqt/proteus/gcc/bin/../lib/gcc/arm-none-eabi/9.2.1/../../../../arm-none-eabi/lib/thumb/v7e-m/nofp\libg.a(lib_a-reent.o)
                0x20001b7c                errno
                0x20001b80                . = ALIGN (0x4)
                0x20001b80                _ebss = .
                0x20001b80                PROVIDE (end = .)

.noinit_RAM2    0x1fff0000        0x0
                0x1fff0000                . = ALIGN (0x4)
 *(.noinit.$RAM2)
 *(.noinit.$SRAM_LOWER)
 *(.noinit.$RAM2.*)
 *(.noinit.$SRAM_LOWER.*)
                0x1fff0000                . = ALIGN (0x4)

.noinit         0x20001b80        0x0
                0x20001b80                . = ALIGN (0x4)
                0x20001b80                _noinit = .
 *(.noinit*)
                0x20001b80                . = ALIGN (0x4)
                0x20001b80                _end_noinit = .
                0x00001000                _HeapSize = 0x1000

.heap           0x1fff0000     0x1000
                0x1fff0000                _pvHeapStart = .
                0x1fff1000                . = (. + _HeapSize)
 *fill*         0x1fff0000     0x1000 
                0x1fff1000                . = ALIGN (0x4)
                0x1fff1000                _pvHeapLimit = .
                0x00001000                _StackSize = 0x1000

.heap2stackfill
                0x1fff1000     0x1000
                0x1fff2000                . = (. + _StackSize)
 *fill*         0x1fff1000     0x1000 

.stack          0x1ffff000        0x0
                0x1ffff000                _vStackBase = .
                0x1ffff000                . = ALIGN (0x4)
                0x20000000                _vStackTop = (. + _StackSize)
                0x0000c000                _image_start = LOADADDR (.text)
                0x0001987c                _image_end = (LOADADDR (.data) + SIZEOF (.data))
                0x0000d87c                _image_size = (_image_end - _image_start)
OUTPUT(../Robot_Design_Code.elf elf32-littlearm)

.ARM.attributes
                0x00000000       0x2a
 .ARM.attributes
                0x00000000       0x1e c:/fehqt/proteus/gcc/bin/../lib/gcc/arm-none-eabi/9.2.1/thumb/v7e-m/nofp/crti.o
 .ARM.attributes
                0x0000001e       0x2e c:/fehqt/proteus/gcc/bin/../lib/gcc/arm-none-eabi/9.2.1/thumb/v7e-m/nofp/crtbegin.o
 .ARM.attributes
                0x0000004c       0x2e ../main.o
 .ARM.attributes
                0x0000007a       0x2e Startup/startup_mk60d10.o
 .ARM.attributes
                0x000000a8       0x2e Libraries/FEHMotor.o
 .ARM.attributes
                0x000000d6       0x2e Drivers/i2c.o
 .ARM.attributes
                0x00000104       0x2e Drivers/spi.o
 .ARM.attributes
                0x00000132       0x2e Drivers/uart.o
 .ARM.attributes
                0x00000160       0x2e Drivers/ff.o
 .ARM.attributes
                0x0000018e       0x2e Drivers/SDHC.o
 .ARM.attributes
                0x000001bc       0x2e Drivers/lptmr.o
 .ARM.attributes
                0x000001ea       0x2e FEHProteus.o
 .ARM.attributes
                0x00000218       0x2e Drivers/FEHPropeller.o
 .ARM.attributes
                0x00000246       0x2e Libraries/FEHUtility.o
 .ARM.attributes
                0x00000274       0x2e Libraries/FEHIO.o
 .ARM.attributes
                0x000002a2       0x2e Drivers/adc16.o
 .ARM.attributes
                0x000002d0       0x2e Libraries/FEHBuzzer.o
 .ARM.attributes
                0x000002fe       0x2e Libraries/FEHServo.o
 .ARM.attributes
                0x0000032c       0x2e Libraries/FEHLCD.o
 .ARM.attributes
                0x0000035a       0x2e Libraries/FEHAccel.o
 .ARM.attributes
                0x00000388       0x2e Libraries/FEHBattery.o
 .ARM.attributes
                0x000003b6       0x2e Drivers/FEHXBee.o
 .ARM.attributes
                0x000003e4       0x2e Libraries/FEHRPS.o
 .ARM.attributes
                0x00000412       0x2e Libraries/FEHSD.o
 .ARM.attributes
                0x00000440       0x2e Libraries/FEHRandom.o
 .ARM.attributes
                0x0000046e       0x2e c:/fehqt/proteus/gcc/bin/../lib/gcc/arm-none-eabi/9.2.1/../../../../arm-none-eabi/lib/thumb/v7e-m/nofp\libstdc++.a(eh_alloc.o)
 .ARM.attributes
                0x0000049c       0x1e c:/fehqt/proteus/gcc/bin/../lib/gcc/arm-none-eabi/9.2.1/thumb/v7e-m/nofp\libgcc.a(_arm_addsubdf3.o)
 .ARM.attributes
                0x000004ba       0x1e c:/fehqt/proteus/gcc/bin/../lib/gcc/arm-none-eabi/9.2.1/thumb/v7e-m/nofp\libgcc.a(_arm_muldivdf3.o)
 .ARM.attributes
                0x000004d8       0x1e c:/fehqt/proteus/gcc/bin/../lib/gcc/arm-none-eabi/9.2.1/thumb/v7e-m/nofp\libgcc.a(_arm_cmpdf2.o)
 .ARM.attributes
                0x000004f6       0x1e c:/fehqt/proteus/gcc/bin/../lib/gcc/arm-none-eabi/9.2.1/thumb/v7e-m/nofp\libgcc.a(_arm_fixdfsi.o)
 .ARM.attributes
                0x00000514       0x1e c:/fehqt/proteus/gcc/bin/../lib/gcc/arm-none-eabi/9.2.1/thumb/v7e-m/nofp\libgcc.a(_arm_fixunsdfsi.o)
 .ARM.attributes
                0x00000532       0x1e c:/fehqt/proteus/gcc/bin/../lib/gcc/arm-none-eabi/9.2.1/thumb/v7e-m/nofp\libgcc.a(_arm_truncdfsf2.o)
 .ARM.attributes
                0x00000550       0x1e c:/fehqt/proteus/gcc/bin/../lib/gcc/arm-none-eabi/9.2.1/thumb/v7e-m/nofp\libgcc.a(_arm_addsubsf3.o)
 .ARM.attributes
                0x0000056e       0x1e c:/fehqt/proteus/gcc/bin/../lib/gcc/arm-none-eabi/9.2.1/thumb/v7e-m/nofp\libgcc.a(_arm_muldivsf3.o)
 .ARM.attributes
                0x0000058c       0x1e c:/fehqt/proteus/gcc/bin/../lib/gcc/arm-none-eabi/9.2.1/thumb/v7e-m/nofp\libgcc.a(_arm_cmpsf2.o)
 .ARM.attributes
                0x000005aa       0x1e c:/fehqt/proteus/gcc/bin/../lib/gcc/arm-none-eabi/9.2.1/thumb/v7e-m/nofp\libgcc.a(_arm_fixsfsi.o)
 .ARM.attributes
                0x000005c8       0x2e c:/fehqt/proteus/gcc/bin/../lib/gcc/arm-none-eabi/9.2.1/../../../../arm-none-eabi/lib/thumb/v7e-m/nofp\libg.a(lib_a-impure.o)
 .ARM.attributes
                0x000005f6       0x2e c:/fehqt/proteus/gcc/bin/../lib/gcc/arm-none-eabi/9.2.1/../../../../arm-none-eabi/lib/thumb/v7e-m/nofp\libg.a(lib_a-init.o)
 .ARM.attributes
                0x00000624       0x2e c:/fehqt/proteus/gcc/bin/../lib/gcc/arm-none-eabi/9.2.1/../../../../arm-none-eabi/lib/thumb/v7e-m/nofp\libg.a(lib_a-lock.o)
 .ARM.attributes
                0x00000652       0x2e c:/fehqt/proteus/gcc/bin/../lib/gcc/arm-none-eabi/9.2.1/../../../../arm-none-eabi/lib/thumb/v7e-m/nofp\libg.a(lib_a-malloc.o)
 .ARM.attributes
                0x00000680       0x2e c:/fehqt/proteus/gcc/bin/../lib/gcc/arm-none-eabi/9.2.1/../../../../arm-none-eabi/lib/thumb/v7e-m/nofp\libg.a(lib_a-mallocr.o)
 .ARM.attributes
                0x000006ae       0x1c c:/fehqt/proteus/gcc/bin/../lib/gcc/arm-none-eabi/9.2.1/../../../../arm-none-eabi/lib/thumb/v7e-m/nofp\libg.a(lib_a-memchr.o)
 .ARM.attributes
                0x000006ca       0x1c c:/fehqt/proteus/gcc/bin/../lib/gcc/arm-none-eabi/9.2.1/../../../../arm-none-eabi/lib/thumb/v7e-m/nofp\libg.a(lib_a-memcpy.o)
 .ARM.attributes
                0x000006e6       0x2e c:/fehqt/proteus/gcc/bin/../lib/gcc/arm-none-eabi/9.2.1/../../../../arm-none-eabi/lib/thumb/v7e-m/nofp\libg.a(lib_a-memmove.o)
 .ARM.attributes
                0x00000714       0x2e c:/fehqt/proteus/gcc/bin/../lib/gcc/arm-none-eabi/9.2.1/../../../../arm-none-eabi/lib/thumb/v7e-m/nofp\libg.a(lib_a-memset.o)
 .ARM.attributes
                0x00000742       0x2e c:/fehqt/proteus/gcc/bin/../lib/gcc/arm-none-eabi/9.2.1/../../../../arm-none-eabi/lib/thumb/v7e-m/nofp\libg.a(lib_a-mlock.o)
 .ARM.attributes